Component: ARM Compiler 5.06 update 7 (build 960) Tool: armlink [4d3601]

==============================================================================

Section Cross References

    main.o(i.LightLevel_Indicate) refers to led.o(i.LED_AllOff) for LED_AllOff
    main.o(i.LightLevel_Indicate) refers to buzzer.o(i.BUZZER_Off) for BUZZER_Off
    main.o(i.LightLevel_Indicate) refers to led.o(i.LED_R_On) for LED_R_On
    main.o(i.LightLevel_Indicate) refers to led.o(i.LED_G_On) for LED_G_On
    main.o(i.LightLevel_Indicate) refers to led.o(i.LED_B_On) for LED_B_On
    main.o(i.ReverseAlarm_ByDistance) refers to led.o(i.LED_AllOff) for LED_AllOff
    main.o(i.ReverseAlarm_ByDistance) refers to led.o(i.LED_G_On) for LED_G_On
    main.o(i.ReverseAlarm_ByDistance) refers to buzzer.o(i.BUZZER_Off) for BUZZER_Off
    main.o(i.ReverseAlarm_ByDistance) refers to delay.o(i.delay_ms) for delay_ms
    main.o(i.ReverseAlarm_ByDistance) refers to led.o(i.LED_B_On) for LED_B_On
    main.o(i.ReverseAlarm_ByDistance) refers to buzzer.o(i.BUZZER_On) for BUZZER_On
    main.o(i.ReverseAlarm_ByDistance) refers to led.o(i.LED_R_On) for LED_R_On
    main.o(i.ReverseAlarm_ByDistance) refers to led.o(i.LED_AllOn) for LED_AllOn
    main.o(i.WiFi_Init_And_Send12345) refers to noretval__2printf.o(.text) for __2printf
    main.o(i.WiFi_Init_And_Send12345) refers to usart.o(i.WiFi_EN_Init) for WiFi_EN_Init
    main.o(i.WiFi_Init_And_Send12345) refers to usart.o(i.WiFi_EN_Off) for WiFi_EN_Off
    main.o(i.WiFi_Init_And_Send12345) refers to delay.o(i.delay_ms) for delay_ms
    main.o(i.WiFi_Init_And_Send12345) refers to usart.o(i.WiFi_EN_On) for WiFi_EN_On
    main.o(i.WiFi_Init_And_Send12345) refers to main.o(i.WiFi_SendCmd) for WiFi_SendCmd
    main.o(i.WiFi_Init_And_Send12345) refers to main.o(i.WiFi_WaitFor) for WiFi_WaitFor
    main.o(i.WiFi_SendCmd) refers to _printf_percent.o(.ARM.Collect$$_printf_percent$$00000000) for _printf_percent
    main.o(i.WiFi_SendCmd) refers to _printf_s.o(.ARM.Collect$$_printf_percent$$00000014) for _printf_s
    main.o(i.WiFi_SendCmd) refers to _printf_str.o(.text) for _printf_str
    main.o(i.WiFi_SendCmd) refers to usart.o(i.USART2_ClearBuf) for USART2_ClearBuf
    main.o(i.WiFi_SendCmd) refers to noretval__2printf.o(.text) for __2printf
    main.o(i.WiFi_SendCmd) refers to usart.o(i.USART2_SendString) for USART2_SendString
    main.o(i.WiFi_WaitFor) refers to strstr.o(.text) for strstr
    main.o(i.WiFi_WaitFor) refers to delay.o(i.delay_ms) for delay_ms
    main.o(i.WiFi_WaitFor) refers to usart.o(.bss) for USART2_RX_BUF
    main.o(i.main) refers to _printf_percent.o(.ARM.Collect$$_printf_percent$$00000000) for _printf_percent
    main.o(i.main) refers to _printf_d.o(.ARM.Collect$$_printf_percent$$00000009) for _printf_d
    main.o(i.main) refers to _printf_dec.o(.text) for _printf_int_dec
    main.o(i.main) refers to delay.o(i.delay_init) for delay_init
    main.o(i.main) refers to led.o(i.LED_Init) for LED_Init
    main.o(i.main) refers to key.o(i.KEY_Init) for KEY_Init
    main.o(i.main) refers to buzzer.o(i.BUZZER_Init) for BUZZER_Init
    main.o(i.main) refers to hcsr04.o(i.HCSR04_Init) for HCSR04_Init
    main.o(i.main) refers to oled.o(i.OLED_Init) for OLED_Init
    main.o(i.main) refers to light.o(i.LIGHT_Init) for LIGHT_Init
    main.o(i.main) refers to usart.o(i.uart_init) for uart_init
    main.o(i.main) refers to usart.o(i.uart2_init) for uart2_init
    main.o(i.main) refers to delay.o(i.delay_ms) for delay_ms
    main.o(i.main) refers to main.o(i.WiFi_Init_And_Send12345) for WiFi_Init_And_Send12345
    main.o(i.main) refers to dht11.o(i.DHT11_Init) for DHT11_Init
    main.o(i.main) refers to led.o(i.LED_AllOff) for LED_AllOff
    main.o(i.main) refers to buzzer.o(i.BUZZER_Off) for BUZZER_Off
    main.o(i.main) refers to oled.o(i.OLED_ShowLightStatus) for OLED_ShowLightStatus
    main.o(i.main) refers to noretval__2printf.o(.text) for __2printf
    main.o(i.main) refers to key.o(i.KEY_Scan) for KEY_Scan
    main.o(i.main) refers to light.o(i.LIGHT_ReadAverage) for LIGHT_ReadAverage
    main.o(i.main) refers to main.o(i.GetLightLevel) for GetLightLevel
    main.o(i.main) refers to main.o(i.LightLevel_Indicate) for LightLevel_Indicate
    main.o(i.main) refers to dht11.o(i.DHT11_ReadData) for DHT11_ReadData
    main.o(i.main) refers to hcsr04.o(i.HCSR04_GetDistanceCm) for HCSR04_GetDistanceCm
    main.o(i.main) refers to main.o(i.GetAlarmLevel) for GetAlarmLevel
    main.o(i.main) refers to oled.o(i.OLED_ShowStatus) for OLED_ShowStatus
    main.o(i.main) refers to main.o(i.ReverseAlarm_ByDistance) for ReverseAlarm_ByDistance
    system_stm32f10x.o(i.SetSysClock) refers to system_stm32f10x.o(i.SetSysClockTo72) for SetSysClockTo72
    system_stm32f10x.o(i.SystemCoreClockUpdate) refers to system_stm32f10x.o(.data) for SystemCoreClock
    system_stm32f10x.o(i.SystemInit) refers to system_stm32f10x.o(i.SetSysClock) for SetSysClock
[...]
    ../clib/angel/sys.s                      0x00000000   Number         0  use_no_semi.o ABSOLUTE
    ../clib/angel/sysapp.c                   0x00000000   Number         0  sys_command.o ABSOLUTE
    ../clib/angel/sysapp.c                   0x00000000   Number         0  sys_wrch.o ABSOLUTE
    ../clib/armsys.c                         0x00000000   Number         0  no_argv.o ABSOLUTE
    ../clib/armsys.c                         0x00000000   Number         0  argv_veneer.o ABSOLUTE
    ../clib/armsys.c                         0x00000000   Number         0  argv_veneer.o ABSOLUTE
    ../clib/armsys.c                         0x00000000   Number         0  _get_argv_nomalloc.o ABSOLUTE
    ../clib/heapalloc.c                      0x00000000   Number         0  hrguard.o ABSOLUTE
    ../clib/heapaux.c                        0x00000000   Number         0  heapauxi.o ABSOLUTE
    ../clib/libinit.s                        0x00000000   Number         0  libshutdown.o ABSOLUTE
    ../clib/libinit.s                        0x00000000   Number         0  libinit2.o ABSOLUTE
    ../clib/libinit.s                        0x00000000   Number         0  libinit.o ABSOLUTE
    ../clib/libinit.s                        0x00000000   Number         0  libshutdown2.o ABSOLUTE
    ../clib/printf.c                         0x00000000   Number         0  __printf_ss.o ABSOLUTE
    ../clib/printf.c                         0x00000000   Number         0  __printf_flags_wp.o ABSOLUTE
    ../clib/printf.c                         0x00000000   Number         0  _printf_dec.o ABSOLUTE
    ../clib/printf.c                         0x00000000   Number         0  _printf_str.o ABSOLUTE
    ../clib/printf.c                         0x00000000   Number         0  __printf.o ABSOLUTE
    ../clib/printf.c                         0x00000000   Number         0  noretval__2printf.o ABSOLUTE
    ../clib/printf.c                         0x00000000   Number         0  __2printf.o ABSOLUTE
    ../clib/printf.c                         0x00000000   Number         0  _printf_intcommon.o ABSOLUTE
    ../clib/printf.c                         0x00000000   Number         0  _printf_char.o ABSOLUTE
    ../clib/printf.c                         0x00000000   Number         0  _printf_char_file.o ABSOLUTE
    ../clib/printf.c                         0x00000000   Number         0  __printf_flags.o ABSOLUTE
    ../clib/printf.c                         0x00000000   Number         0  _printf_char_common.o ABSOLUTE
    ../clib/printf.c                         0x00000000   Number         0  __printf_flags_ss_wp.o ABSOLUTE
    ../clib/printf.c                         0x00000000   Number         0  __printf_nopercent.o ABSOLUTE
    ../clib/printf.c                         0x00000000   Number         0  __printf_ss_wp.o ABSOLUTE
    ../clib/printf.c                         0x00000000   Number         0  __printf_wp.o ABSOLUTE
    ../clib/printf.c                         0x00000000   Number         0  __printf_flags_ss.o ABSOLUTE
    ../clib/printf_percent.s                 0x00000000   Number         0  _printf_percent_end.o ABSOLUTE
    ../clib/printf_percent.s                 0x00000000   Number         0  _printf_percent.o ABSOLUTE
    ../clib/printf_percent.s                 0x00000000   Number         0  _printf_s.o ABSOLUTE
    ../clib/printf_percent.s                 0x00000000   Number         0  _printf_d.o ABSOLUTE
    ../clib/signal.c                         0x00000000   Number         0  defsig_exit.o ABSOLUTE
    ../clib/signal.c                         0x00000000   Number         0  defsig_other.o ABSOLUTE
    ../clib/signal.c                         0x00000000   Number         0  defsig_segv_inner.o ABSOLUTE
    ../clib/signal.c                         0x00000000   Number         0  defsig_cppl_inner.o ABSOLUTE
    ../clib/signal.c                         0x00000000   Number         0  defsig_pvfn_inner.o ABSOLUTE
    ../clib/signal.c                         0x00000000   Number         0  defsig_stak_inner.o ABSOLUTE
    ../clib/signal.c                         0x00000000   Number         0  defsig_rtred_inner.o ABSOLUTE
    ../clib/signal.c                         0x00000000   Number         0  defsig_fpe_inner.o ABSOLUTE
    ../clib/signal.c                         0x00000000   Number         0  defsig_abrt_inner.o ABSOLUTE
    ../clib/signal.c                         0x00000000   Number         0  defsig_general.o ABSOLUTE
    ../clib/signal.c                         0x00000000   Number         0  __raise.o ABSOLUTE
    ../clib/signal.c                         0x00000000   Number         0  defsig_rtmem_inner.o ABSOLUTE
    ../clib/signal.c                         0x00000000   Number         0  defsig_rtmem_formal.o ABSOLUTE
    ../clib/signal.c                         0x00000000   Number         0  defsig_rtmem_outer.o ABSOLUTE
    ../clib/signal.s                         0x00000000   Number         0  defsig.o ABSOLUTE
    ../clib/stdio.c                          0x00000000   Number         0  ferror.o ABSOLUTE
    ../clib/stdio.c                          0x00000000   Number         0  ferror_locked.o ABSOLUTE
    ../clib/stdlib.c                         0x00000000   Number         0  exit.o ABSOLUTE
    ../clib/string.c                         0x00000000   Number         0  strstr.o ABSOLUTE
    ../fplib/fpinit.s                        0x00000000   Number         0  fpinit.o ABSOLUTE
    ..\CORE\core_cm3.c                       0x00000000   Number         0  core_cm3.o ABSOLUTE
    ..\CORE\startup_stm32f10x_hd.s           0x00000000   Number         0  startup_stm32f10x_hd.o ABSOLUTE
    ..\FWLIB\src\misc.c                      0x00000000   Number         0  misc.o ABSOLUTE
    ..\FWLIB\src\stm32f10x_adc.c             0x00000000   Number         0  stm32f10x_adc.o ABSOLUTE
    ..\FWLIB\src\stm32f10x_bkp.c             0x00000000   Number         0  stm32f10x_bkp.o ABSOLUTE
    ..\FWLIB\src\stm32f10x_can.c             0x00000000   Number         0  stm32f10x_can.o ABSOLUTE
    ..\FWLIB\src\stm32f10x_cec.c             0x00000000   Number         0  stm32f10x_cec.o ABSOLUTE
    ..\FWLIB\src\stm32f10x_crc.c             0x00000000   Number         0  stm32f10x_crc.o ABSOLUTE
    ..\FWLIB\src\stm32f10x_dac.c             0x00000000   Number         0  stm32f10x_dac.o ABSOLUTE
    ..\FWLIB\src\stm32f10x_dbgmcu.c          0x00000000   Number         0  stm32f10x_dbgmcu.o ABSOLUTE
    ..\FWLIB\src\stm32f10x_dma.c             0x00000000   Number         0  stm32f10x_dma.o ABSOLUTE
    ..\FWLIB\src\stm32f10x_exti.c            0x00000000   Number         0  stm32f10x_exti.o ABSOLUTE
    ..\FWLIB\src\stm32f10x_flash.c           0x00000000   Number         0  stm32f10x_flash.o ABSOLUTE
    ..\FWLIB\src\stm32f10x_fsmc.c            0x00000000   Number         0  stm32f10x_fsmc.o ABSOLUTE
    ..\FWLIB\src\stm32f10x_gpio.c            0x00000000   Number         0  stm32f10x_gpio.o ABSOLUTE
    ..\FWLIB\src\stm32f10x_i2c.c             0x00000000   Number         0  stm32f10x_i2c.o ABSOLUTE
    ..\FWLIB\src\stm32f10x_iwdg.c            0x00000000   Number         0  stm32f10x_iwdg.o ABSOLUTE
    ..\FWLIB\src\stm32f10x_pwr.c             0x00000000   Number         0  stm32f10x_pwr.o ABSOLUTE
    ..\FWLIB\src\stm32f10x_rcc.c             0x00000000   Number         0  stm32f10x_rcc.o ABSOLUTE
    ..\FWLIB\src\stm32f10x_rtc.c             0x00000000   Number         0  stm32f10x_rtc.o ABSOLUTE
    ..\FWLIB\src\stm32f10x_sdio.c            0x00000000   Number         0  stm32f10x_sdio.o ABSOLUTE
    ..\FWLIB\src\stm32f10x_spi.c             0x00000000   Number         0  stm32f10x_spi.o ABSOLUTE
    ..\FWLIB\src\stm32f10x_tim.c             0x00000000   Number         0  stm32f10x_tim.o ABSOLUTE
    ..\FWLIB\src\stm32f10x_usart.c           0x00000000   Number         0  stm32f10x_usart.o ABSOLUTE
    ..\FWLIB\src\stm32f10x_wwdg.c            0x00000000   Number         0  stm32f10x_wwdg.o ABSOLUTE
    ..\HARDWARE\BUZZER\buzzer.c              0x00000000   Number         0  buzzer.o ABSOLUTE
    ..\HARDWARE\DHT11\dht11.c                0x00000000   Number         0  dht11.o ABSOLUTE
    ..\HARDWARE\HCSR04\hcsr04.c              0x00000000   Number         0  hcsr04.o ABSOLUTE
    ..\HARDWARE\KEY\key.c                    0x00000000   Number         0  key.o ABSOLUTE
    ..\HARDWARE\LED\led.c                    0x00000000   Number         0  led.o ABSOLUTE
    ..\HARDWARE\LIGHT\light.c                0x00000000   Number         0  light.o ABSOLUTE
    ..\HARDWARE\OLED\oled.c                  0x00000000   Number         0  oled.o ABSOLUTE
    ..\SYSTEM\delay\delay.c                  0x00000000   Number         0  delay.o ABSOLUTE
    ..\SYSTEM\sys\sys.c                      0x00000000   Number         0  sys.o ABSOLUTE
    ..\SYSTEM\usart\usart.c                  0x00000000   Number         0  usart.o ABSOLUTE
    ..\\CORE\\core_cm3.c                     0x00000000   Number         0  core_cm3.o ABSOLUTE
    ..\\SYSTEM\\sys\\sys.c                   0x00000000   Number         0  sys.o ABSOLUTE
    dc.s                                     0x00000000   Number         0  dc.o ABSOLUTE
    main.c                                   0x00000000   Number         0  main.o ABSOLUTE
    stm32f10x_it.c                           0x00000000   Number         0  stm32f10x_it.o ABSOLUTE
    system_stm32f10x.c                       0x00000000   Number         0  system_stm32f10x.o ABSOLUTE
    RESET                                    0x08000000   Section      304  startup_stm32f10x_hd.o(RESET)
    !!!main                                  0x08000130   Section        8  __main.o(!!!main)
    !!!scatter                               0x08000138   Section       52  __scatter.o(!!!scatter)
    !!handler_copy                           0x0800016c   Section       26  __scatter_copy.o(!!handler_copy)
    !!handler_zi                             0x08000188   Section       28  __scatter_zi.o(!!handler_zi)
    .ARM.Collect$$_printf_percent$$00000000  0x080001a4   Section        0  _printf_percent.o(.ARM.Collect$$_printf_percent$$00000000)
    .ARM.Collect$$_printf_percent$$00000009  0x080001a4   Section        6  _printf_d.o(.ARM.Collect$$_printf_percent$$00000009)
    .ARM.Collect$$_printf_percent$$00000014  0x080001aa   Section        6  _printf_s.o(.ARM.Collect$$_printf_percent$$00000014)
    .ARM.Collect$$_printf_percent$$00000017  0x080001b0   Section        4  _printf_percent_end.o(.ARM.Collect$$_printf_percent$$00000017)
    .ARM.Collect$$libinit$$00000000          0x080001b4   Section        2  libinit.o(.ARM.Collect$$libinit$$00000000)
    .ARM.Collect$$libinit$$00000002          0x080001b6   Section        0  libinit2.o(.ARM.Collect$$libinit$$00000002)
    .ARM.Collect$$libinit$$00000004          0x080001b6   Section        0  libinit2.o(.ARM.Collect$$libinit$$00000004)
    .ARM.Collect$$libinit$$0000000A          0x080001b6   Section        0  libinit2.o(.ARM.Collect$$libinit$$0000000A)
    .ARM.Collect$$libinit$$0000000C          0x080001b6   Section        0  libinit2.o(.ARM.Collect$$libinit$$0000000C)
    .ARM.Collect$$libinit$$0000000E          0x080001b6   Section        0  libinit2.o(.ARM.Collect$$libinit$$0000000E)
    .ARM.Collect$$libinit$$00000011          0x080001b6   Section        0  libinit2.o(.ARM.Collect$$libinit$$00000011)
    .ARM.Collect$$libinit$$00000013          0x080001b6   Section        0  libinit2.o(.ARM.Collect$$libinit$$00000013)
    .ARM.Collect$$libinit$$00000015          0x080001b6   Section        0  libinit2.o(.ARM.Collect$$libinit$$00000015)
    .ARM.Collect$$libinit$$00000017          0x080001b6   Section        0  libinit2.o(.ARM.Collect$$libinit$$00000017)
    .ARM.Collect$$libinit$$00000019          0x080001b6   Section        0  libinit2.o(.ARM.Collect$$libinit$$00000019)
    .ARM.Collect$$libinit$$0000001B          0x080001b6   Section        0  libinit2.o(.ARM.Collect$$libinit$$0000001B)
    .ARM.Collect$$libinit$$0000001D          0x080001b6   Section        0  libinit2.o(.ARM.Collect$$libinit$$0000001D)
    .ARM.Collect$$libinit$$0000001F          0x080001b6   Section        0  libinit2.o(.ARM.Collect$$libinit$$0000001F)
    .ARM.Collect$$libinit$$00000021          0x080001b6   Section        0  libinit2.o(.ARM.Collect$$libinit$$00000021)
    .ARM.Collect$$libinit$$00000023          0x080001b6   Section        0  libinit2.o(.ARM.Collect$$libinit$$00000023)
    .ARM.Collect$$libinit$$00000025          0x080001b6   Section        0  libinit2.o(.ARM.Collect$$libinit$$00000025)
    .ARM.Collect$$libinit$$0000002C          0x080001b6   Section        0  libinit2.o(.ARM.Collect$$libinit$$0000002C)
    .ARM.Collect$$libinit$$0000002E          0x080001b6   Section        0  libinit2.o(.ARM.Collect$$libinit$$0000002E)
    .ARM.Collect$$libinit$$00000030          0x080001b6   Section        0  libinit2.o(.ARM.Collect$$libinit$$00000030)
    .ARM.Collect$$libinit$$00000032          0x080001b6   Section        0  libinit2.o(.ARM.Collect$$libinit$$00000032)
    .ARM.Collect$$libinit$$00000033          0x080001b6   Section        2  libinit2.o(.ARM.Collect$$libinit$$00000033)
    .ARM.Collect$$libshutdown$$00000000      0x080001b8   Section        2  libshutdown.o(.ARM.Collect$$libshutdown$$00000000)
    .ARM.Collect$$libshutdown$$00000002      0x080001ba   Section        0  libshutdown2.o(.ARM.Collect$$libshutdown$$00000002)
    .ARM.Collect$$libshutdown$$00000004      0x080001ba   Section        0  libshutdown2.o(.ARM.Collect$$libshutdown$$00000004)
    .ARM.Collect$$libshutdown$$00000006      0x080001ba   Section        0  libshutdown2.o(.ARM.Collect$$libshutdown$$00000006)
    .ARM.Collect$$libshutdown$$00000009      0x080001ba   Section        0  libshutdown2.o(.ARM.Collect$$libshutdown$$00000009)
    .ARM.Collect$$libshutdown$$0000000C      0x080001ba   Section        0  libshutdown2.o(.ARM.Collect$$libshutdown$$0000000C)
    .ARM.Collect$$libshutdown$$0000000E      0x080001ba   Section        0  libshutdown2.o(.ARM.Collect$$libshutdown$$0000000E)
    .ARM.Collect$$libshutdown$$00000011      0x080001ba   Section        0  libshutdown2.o(.ARM.Collect$$libshutdown$$00000011)
    .ARM.Collect$$libshutdown$$00000012      0x080001ba   Section        2  libshutdown2.o(.ARM.Collect$$libshutdown$$00000012)
    .ARM.Collect$$rtentry$$00000000          0x080001bc   Section        0  __rtentry.o(.ARM.Collect$$rtentry$$00000000)
    .ARM.Collect$$rtentry$$00000002          0x080001bc   Section        0  __rtentry2.o(.ARM.Collect$$rtentry$$00000002)
    .ARM.Collect$$rtentry$$00000004          0x080001bc   Section        6  __rtentry4.o(.ARM.Collect$$rtentry$$00000004)
    .ARM.Collect$$rtentry$$00000009          0x080001c2   Section        0  __rtentry2.o(.ARM.Collect$$rtentry$$00000009)
    .ARM.Collect$$rtentry$$0000000A          0x080001c2   Section        4  __rtentry2.o(.ARM.Collect$$rtentry$$0000000A)
    .ARM.Collect$$rtentry$$0000000C          0x080001c6   Section        0  __rtentry2.o(.ARM.Collect$$rtentry$$0000000C)
    .ARM.Collect$$rtentry$$0000000D          0x080001c6   Section        8  __rtentry2.o(.ARM.Collect$$rtentry$$0000000D)
    .ARM.Collect$$rtexit$$00000000           0x080001ce   Section        2  rtexit.o(.ARM.Collect$$rtexit$$00000000)
    .ARM.Collect$$rtexit$$00000002           0x080001d0   Section        0  rtexit2.o(.ARM.Collect$$rtexit$$00000002)
    .ARM.Collect$$rtexit$$00000003           0x080001d0   Section        4  rtexit2.o(.ARM.Collect$$rtexit$$00000003)
    .ARM.Collect$$rtexit$$00000004           0x080001d4   Section        6  rtexit2.o(.ARM.Collect$$rtexit$$00000004)
    .text                                    0x080001dc   Section       64  startup_stm32f10x_hd.o(.text)
    .text                                    0x0800021c   Section        2  use_no_semi_2.o(.text)
    .text                                    0x08000220   Section        0  noretval__2printf.o(.text)
    .text                                    0x08000238   Section        0  __printf.o(.text)
    .text                                    0x080002a0   Section        0  _printf_str.o(.text)
    .text                                    0x080002f4   Section        0  _printf_dec.o(.text)
    .text                                    0x0800036c   Section        0  strstr.o(.text)
    .text                                    0x08000390   Section        0  heapauxi.o(.text)
    .text                                    0x08000396   Section        2  use_no_semi.o(.text)
    .text                                    0x08000398   Section        0  _printf_intcommon.o(.text)
    .text                                    0x0800044a   Section        0  _printf_char.o(.text)
    .text                                    0x08000478   Section        0  _printf_char_file.o(.text)
    .text                                    0x0800049c   Section        0  _printf_char_common.o(.text)
    _printf_input_char                       0x0800049d   Thumb Code    10  _printf_char_common.o(.text)
    .text                                    0x080004cc   Section        0  ferror.o(.text)
    .text                                    0x080004d4   Section       74  sys_stackheap_outer.o(.text)
    .text                                    0x0800051e   Section        0  exit.o(.text)
    .text                                    0x08000530   Section        8  libspace.o(.text)
    i.ADC_Cmd                                0x08000538   Section        0  stm32f10x_adc.o(i.ADC_Cmd)
    i.ADC_DeInit                             0x08000550   Section        0  stm32f10x_adc.o(i.ADC_DeInit)
    i.ADC_GetCalibrationStatus               0x080005ac   Section        0  stm32f10x_adc.o(i.ADC_GetCalibrationStatus)
    i.ADC_GetConversionValue                 0x080005c0   Section        0  stm32f10x_adc.o(i.ADC_GetConversionValue)
    i.ADC_GetFlagStatus                      0x080005c8   Section        0  stm32f10x_adc.o(i.ADC_GetFlagStatus)
    i.ADC_GetResetCalibrationStatus          0x080005da   Section        0  stm32f10x_adc.o(i.ADC_GetResetCalibrationStatus)
    i.ADC_Init                               0x080005f0   Section        0  stm32f10x_adc.o(i.ADC_Init)
    i.ADC_RegularChannelConfig               0x08000640   Section        0  stm32f10x_adc.o(i.ADC_RegularChannelConfig)
    i.ADC_ResetCalibration                   0x080006f8   Section        0  stm32f10x_adc.o(i.ADC_ResetCalibration)
    i.ADC_SoftwareStartConvCmd               0x08000702   Section        0  stm32f10x_adc.o(i.ADC_SoftwareStartConvCmd)
    i.ADC_StartCalibration                   0x08000718   Section        0  stm32f10x_adc.o(i.ADC_StartCalibration)
    i.BUZZER_Init                            0x08000724   Section        0  buzzer.o(i.BUZZER_Init)
    i.BUZZER_Off                             0x08000760   Section        0  buzzer.o(i.BUZZER_Off)
    i.BUZZER_On                              0x08000774   Section        0  buzzer.o(i.BUZZER_On)
    i.BusFault_Handler                       0x08000788   Section        0  stm32f10x_it.o(i.BusFault_Handler)
    i.DHT11_Check                            0x0800078c   Section        0  dht11.o(i.DHT11_Check)
    DHT11_Check                              0x0800078d   Thumb Code    74  dht11.o(i.DHT11_Check)
    i.DHT11_IO_In                            0x080007dc   Section        0  dht11.o(i.DHT11_IO_In)
    DHT11_IO_In                              0x080007dd   Thumb Code    26  dht11.o(i.DHT11_IO_In)
    i.DHT11_IO_Out                           0x080007fc   Section        0  dht11.o(i.DHT11_IO_Out)
    DHT11_IO_Out                             0x080007fd   Thumb Code    32  dht11.o(i.DHT11_IO_Out)
    i.DHT11_Init                             0x08000820   Section        0  dht11.o(i.DHT11_Init)
    i.DHT11_ReadBit                          0x0800083c   Section        0  dht11.o(i.DHT11_ReadBit)
    DHT11_ReadBit                            0x0800083d   Thumb Code    94  dht11.o(i.DHT11_ReadBit)
    i.DHT11_ReadByte                         0x080008a0   Section        0  dht11.o(i.DHT11_ReadByte)
    DHT11_ReadByte                           0x080008a1   Thumb Code    30  dht11.o(i.DHT11_ReadByte)
    i.DHT11_ReadData                         0x080008c0   Section        0  dht11.o(i.DHT11_ReadData)
    i.DHT11_Reset                            0x08000934   Section        0  dht11.o(i.DHT11_Reset)
    DHT11_Reset                              0x08000935   Thumb Code    34  dht11.o(i.DHT11_Reset)
    i.DebugMon_Handler                       0x08000960   Section        0  stm32f10x_it.o(i.DebugMon_Handler)
    i.EXTI15_10_IRQHandler                   0x08000964   Section        0  hcsr04.o(i.EXTI15_10_IRQHandler)
    i.EXTI_ClearITPendingBit                 0x080009c0   Section        0  stm32f10x_exti.o(i.EXTI_ClearITPendingBit)
    i.EXTI_GetITStatus                       0x080009cc   Section        0  stm32f10x_exti.o(i.EXTI_GetITStatus)
    i.EXTI_Init                              0x080009f4   Section        0  stm32f10x_exti.o(i.EXTI_Init)
    i.GPIO_EXTILineConfig                    0x08000a88   Section        0  stm32f10x_gpio.o(i.GPIO_EXTILineConfig)
    i.GPIO_Init                              0x08000ac8   Section        0  stm32f10x_gpio.o(i.GPIO_Init)
    i.GPIO_PinRemapConfig                    0x08000be0   Section        0  stm32f10x_gpio.o(i.GPIO_PinRemapConfig)
    i.GPIO_ReadInputDataBit                  0x08000c70   Section        0  stm32f10x_gpio.o(i.GPIO_ReadInputDataBit)
    i.GPIO_ResetBits                         0x08000c82   Section        0  stm32f10x_gpio.o(i.GPIO_ResetBits)
    i.GPIO_SetBits                           0x08000c86   Section        0  stm32f10x_gpio.o(i.GPIO_SetBits)
    i.GetAlarmLevel                          0x08000c8a   Section        0  main.o(i.GetAlarmLevel)
    GetAlarmLevel                            0x08000c8b   Thumb Code    38  main.o(i.GetAlarmLevel)
    i.GetLightLevel                          0x08000cb0   Section        0  main.o(i.GetLightLevel)
    GetLightLevel                            0x08000cb1   Thumb Code    28  main.o(i.GetLightLevel)
    i.HCSR04_GetDistanceCm                   0x08000ccc   Section        0  hcsr04.o(i.HCSR04_GetDistanceCm)
    i.HCSR04_GetEchoTimeUs                   0x08000cfc   Section        0  hcsr04.o(i.HCSR04_GetEchoTimeUs)
    i.HCSR04_Init                            0x08000d48   Section        0  hcsr04.o(i.HCSR04_Init)
    i.HCSR04_SendTrig                        0x08000e1c   Section        0  hcsr04.o(i.HCSR04_SendTrig)
    HCSR04_SendTrig                          0x08000e1d   Thumb Code    46  hcsr04.o(i.HCSR04_SendTrig)
    i.HardFault_Handler                      0x08000e50   Section        0  stm32f10x_it.o(i.HardFault_Handler)
    i.KEY_Init                               0x08000e54   Section        0  key.o(i.KEY_Init)
    i.KEY_Scan                               0x08000e80   Section        0  key.o(i.KEY_Scan)
    i.LED_AllOff                             0x08000ee4   Section        0  led.o(i.LED_AllOff)
    i.LED_AllOn                              0x08000ef8   Section        0  led.o(i.LED_AllOn)
    i.LED_B_On                               0x08000f0c   Section        0  led.o(i.LED_B_On)
    i.LED_G_On                               0x08000f18   Section        0  led.o(i.LED_G_On)
    i.LED_Init                               0x08000f24   Section        0  led.o(i.LED_Init)
    i.LED_R_On                               0x08000f54   Section        0  led.o(i.LED_R_On)
    i.LED_Write                              0x08000f60   Section        0  led.o(i.LED_Write)
    LED_Write                                0x08000f61   Thumb Code    30  led.o(i.LED_Write)
    i.LIGHT_Init                             0x08000f84   Section        0  light.o(i.LIGHT_Init)
    i.LIGHT_ReadAverage                      0x0800101c   Section        0  light.o(i.LIGHT_ReadAverage)
    i.LIGHT_ReadRaw                          0x08001040   Section        0  light.o(i.LIGHT_ReadRaw)
    i.LightLevel_Indicate                    0x08001064   Section        0  main.o(i.LightLevel_Indicate)
    LightLevel_Indicate                      0x08001065   Thumb Code    50  main.o(i.LightLevel_Indicate)
    i.MemManage_Handler                      0x08001096   Section        0  stm32f10x_it.o(i.MemManage_Handler)
    i.NMI_Handler                            0x0800109a   Section        0  stm32f10x_it.o(i.NMI_Handler)
    i.NVIC_Init                              0x0800109c   Section        0  misc.o(i.NVIC_Init)
    i.OLED_Clear                             0x0800110c   Section        0  oled.o(i.OLED_Clear)
    i.OLED_IIC_Delay                         0x08001136   Section        0  oled.o(i.OLED_IIC_Delay)
    OLED_IIC_Delay                           0x08001137   Thumb Code    10  oled.o(i.OLED_IIC_Delay)
    i.OLED_IIC_Start                         0x08001140   Section        0  oled.o(i.OLED_IIC_Start)
    OLED_IIC_Start                           0x08001141   Thumb Code    36  oled.o(i.OLED_IIC_Start)
    i.OLED_IIC_Stop                          0x08001164   Section        0  oled.o(i.OLED_IIC_Stop)
    OLED_IIC_Stop                            0x08001165   Thumb Code    40  oled.o(i.OLED_IIC_Stop)
    i.OLED_IIC_WaitAck                       0x0800118c   Section        0  oled.o(i.OLED_IIC_WaitAck)
    OLED_IIC_WaitAck                         0x0800118d   Thumb Code    34  oled.o(i.OLED_IIC_WaitAck)
    i.OLED_IIC_WriteByte                     0x080011ae   Section        0  oled.o(i.OLED_IIC_WriteByte)
    OLED_IIC_WriteByte                       0x080011af   Thumb Code    68  oled.o(i.OLED_IIC_WriteByte)
    i.OLED_Init                              0x080011f4   Section        0  oled.o(i.OLED_Init)
    i.OLED_SCL_Set                           0x080012cc   Section        0  oled.o(i.OLED_SCL_Set)
    OLED_SCL_Set                             0x080012cd   Thumb Code    30  oled.o(i.OLED_SCL_Set)
    i.OLED_SDA_Set                           0x080012f0   Section        0  oled.o(i.OLED_SDA_Set)
    OLED_SDA_Set                             0x080012f1   Thumb Code    30  oled.o(i.OLED_SDA_Set)
    i.OLED_SetPos                            0x08001314   Section        0  oled.o(i.OLED_SetPos)
    OLED_SetPos                              0x08001315   Thumb Code    36  oled.o(i.OLED_SetPos)
    i.OLED_Show3Digit                        0x08001338   Section        0  oled.o(i.OLED_Show3Digit)
    OLED_Show3Digit                          0x08001339   Thumb Code   144  oled.o(i.OLED_Show3Digit)
    i.OLED_Show4Digit                        0x080013c8   Section        0  oled.o(i.OLED_Show4Digit)
    OLED_Show4Digit                          0x080013c9   Thumb Code   208  oled.o(i.OLED_Show4Digit)
    i.OLED_ShowChar6x8                       0x08001498   Section        0  oled.o(i.OLED_ShowChar6x8)
    OLED_ShowChar6x8                         0x08001499   Thumb Code   228  oled.o(i.OLED_ShowChar6x8)
    i.OLED_ShowDash3                         0x080015bc   Section        0  oled.o(i.OLED_ShowDash3)
    OLED_ShowDash3                           0x080015bd   Thumb Code    44  oled.o(i.OLED_ShowDash3)
    i.OLED_ShowLightStatus                   0x080015e8   Section        0  oled.o(i.OLED_ShowLightStatus)
    i.OLED_ShowStatus                        0x0800165c   Section        0  oled.o(i.OLED_ShowStatus)
    i.OLED_ShowStr6x8                        0x080016d8   Section        0  oled.o(i.OLED_ShowStr6x8)
    OLED_ShowStr6x8                          0x080016d9   Thumb Code    34  oled.o(i.OLED_ShowStr6x8)
    i.OLED_WriteCmd                          0x080016fa   Section        0  oled.o(i.OLED_WriteCmd)
    OLED_WriteCmd                            0x080016fb   Thumb Code    44  oled.o(i.OLED_WriteCmd)
    i.OLED_WriteData                         0x08001726   Section        0  oled.o(i.OLED_WriteData)
    OLED_WriteData                           0x08001727   Thumb Code    44  oled.o(i.OLED_WriteData)
    i.PendSV_Handler                         0x08001752   Section        0  stm32f10x_it.o(i.PendSV_Handler)
    i.RCC_ADCCLKConfig                       0x08001754   Section        0  stm32f10x_rcc.o(i.RCC_ADCCLKConfig)
    i.RCC_APB1PeriphClockCmd                 0x0800176c   Section        0  stm32f10x_rcc.o(i.RCC_APB1PeriphClockCmd)
    i.RCC_APB2PeriphClockCmd                 0x0800178c   Section        0  stm32f10x_rcc.o(i.RCC_APB2PeriphClockCmd)
    i.RCC_APB2PeriphResetCmd                 0x080017ac   Section        0  stm32f10x_rcc.o(i.RCC_APB2PeriphResetCmd)
    i.RCC_GetClocksFreq                      0x080017cc   Section        0  stm32f10x_rcc.o(i.RCC_GetClocksFreq)
    i.ReverseAlarm_ByDistance                0x080018a0   Section        0  main.o(i.ReverseAlarm_ByDistance)
    ReverseAlarm_ByDistance                  0x080018a1   Thumb Code   122  main.o(i.ReverseAlarm_ByDistance)
    i.SVC_Handler                            0x0800191a   Section        0  stm32f10x_it.o(i.SVC_Handler)
    i.SetSysClock                            0x0800191c   Section        0  system_stm32f10x.o(i.SetSysClock)
    SetSysClock                              0x0800191d   Thumb Code     8  system_stm32f10x.o(i.SetSysClock)
    i.SetSysClockTo72                        0x08001924   Section        0  system_stm32f10x.o(i.SetSysClockTo72)
    SetSysClockTo72                          0x08001925   Thumb Code   214  system_stm32f10x.o(i.SetSysClockTo72)
    i.SysTick_CLKSourceConfig                0x08001a04   Section        0  misc.o(i.SysTick_CLKSourceConfig)
    i.SysTick_Handler                        0x08001a2c   Section        0  stm32f10x_it.o(i.SysTick_Handler)
    i.SystemInit                             0x08001a30   Section        0  system_stm32f10x.o(i.SystemInit)
    i.TIM_Cmd                                0x08001a90   Section        0  stm32f10x_tim.o(i.TIM_Cmd)
    i.TIM_GetCounter                         0x08001aa8   Section        0  stm32f10x_tim.o(i.TIM_GetCounter)
    i.TIM_SetCounter                         0x08001aae   Section        0  stm32f10x_tim.o(i.TIM_SetCounter)
    i.TIM_TimeBaseInit                       0x08001ab4   Section        0  stm32f10x_tim.o(i.TIM_TimeBaseInit)
    i.USART1_IRQHandler                      0x08001b58   Section        0  usart.o(i.USART1_IRQHandler)
    i.USART2_ClearBuf                        0x08001be0   Section        0  usart.o(i.USART2_ClearBuf)
    i.USART2_IRQHandler                      0x08001c04   Section        0  usart.o(i.USART2_IRQHandler)
    i.USART2_SendByte                        0x08001c68   Section        0  usart.o(i.USART2_SendByte)
    i.USART2_SendString                      0x08001c88   Section        0  usart.o(i.USART2_SendString)
    i.USART_Cmd                              0x08001c9e   Section        0  stm32f10x_usart.o(i.USART_Cmd)
    i.USART_GetFlagStatus                    0x08001cb6   Section        0  stm32f10x_usart.o(i.USART_GetFlagStatus)
    i.USART_GetITStatus                      0x08001cd0   Section        0  stm32f10x_usart.o(i.USART_GetITStatus)
    i.USART_ITConfig                         0x08001d24   Section        0  stm32f10x_usart.o(i.USART_ITConfig)
    i.USART_Init                             0x08001d70   Section        0  stm32f10x_usart.o(i.USART_Init)
    i.USART_ReceiveData                      0x08001e48   Section        0  stm32f10x_usart.o(i.USART_ReceiveData)
    i.USART_SendData                         0x08001e52   Section        0  stm32f10x_usart.o(i.USART_SendData)
    i.UsageFault_Handler                     0x08001e5a   Section        0  stm32f10x_it.o(i.UsageFault_Handler)
    i.WiFi_EN_Init                           0x08001e60   Section        0  usart.o(i.WiFi_EN_Init)
    i.WiFi_EN_Off                            0x08001e98   Section        0  usart.o(i.WiFi_EN_Off)
    i.WiFi_EN_On                             0x08001eac   Section        0  usart.o(i.WiFi_EN_On)
    i.WiFi_Init_And_Send12345                0x08001ec0   Section        0  main.o(i.WiFi_Init_And_Send12345)
    WiFi_Init_And_Send12345                  0x08001ec1   Thumb Code   238  main.o(i.WiFi_Init_And_Send12345)
    i.WiFi_SendCmd                           0x0800216c   Section        0  main.o(i.WiFi_SendCmd)
    WiFi_SendCmd                             0x0800216d   Thumb Code    24  main.o(i.WiFi_SendCmd)
    i.WiFi_WaitFor                           0x08002198   Section        0  main.o(i.WiFi_WaitFor)
    WiFi_WaitFor                             0x08002199   Thumb Code    40  main.o(i.WiFi_WaitFor)
    i._sys_exit                              0x080021c4   Section        0  usart.o(i._sys_exit)
    i.delay_init                             0x080021c8   Section        0  delay.o(i.delay_init)
    i.delay_ms                               0x0800220c   Section        0  delay.o(i.delay_ms)
    i.delay_us                               0x08002258   Section        0  delay.o(i.delay_us)
    i.fputc                                  0x080022a4   Section        0  usart.o(i.fputc)
    i.main                                   0x080022c0   Section        0  main.o(i.main)
    i.uart2_init                             0x08002418   Section        0  usart.o(i.uart2_init)
    i.uart_init                              0x080024c0   Section        0  usart.o(i.uart_init)
    .constdata                               0x08002560   Section       96  oled.o(.constdata)
    font_space                               0x08002560   Data           6  oled.o(.constdata)
    font_minus                               0x08002566   Data           6  oled.o(.constdata)
    font_colon                               0x0800256c   Data           6  oled.o(.constdata)
    font_A                                   0x08002572   Data           6  oled.o(.constdata)
    font_D                                   0x08002578   Data           6  oled.o(.constdata)
    font_L                                   0x0800257e   Data           6  oled.o(.constdata)
    font_0                                   0x08002584   Data           6  oled.o(.constdata)
    font_1                                   0x0800258a   Data           6  oled.o(.constdata)
    font_2                                   0x08002590   Data           6  oled.o(.constdata)
    font_3                                   0x08002596   Data           6  oled.o(.constdata)
    font_4                                   0x0800259c   Data           6  oled.o(.constdata)
    font_5                                   0x080025a2   Data           6  oled.o(.constdata)
    font_6                                   0x080025a8   Data           6  oled.o(.constdata)
    font_7                                   0x080025ae   Data           6  oled.o(.constdata)
    font_8                                   0x080025b4   Data           6  oled.o(.constdata)
    font_9                                   0x080025ba   Data           6  oled.o(.constdata)
    .data                                    0x20000000   Section       20  system_stm32f10x.o(.data)
    .data                                    0x20000014   Section       20  stm32f10x_rcc.o(.data)
    APBAHBPrescTable                         0x20000014   Data          16  stm32f10x_rcc.o(.data)
    ADCPrescTable                            0x20000024   Data           4  stm32f10x_rcc.o(.data)
    .data                                    0x20000028   Section        4  delay.o(.data)
    fac_us                                   0x20000028   Data           1  delay.o(.data)
    fac_ms                                   0x2000002a   Data           2  delay.o(.data)
    .data                                    0x2000002c   Section        8  usart.o(.data)
    .data                                    0x20000034   Section        8  hcsr04.o(.data)
    g_hcsr04_busy                            0x20000034   Data           1  hcsr04.o(.data)
    g_hcsr04_done                            0x20000035   Data           1  hcsr04.o(.data)
    g_hcsr04_echo_us                         0x20000038   Data           4  hcsr04.o(.data)
    .bss                                     0x2000003c   Section      700  usart.o(.bss)
    .bss                                     0x200002f8   Section       96  libspace.o(.bss)
    HEAP                                     0x20000358   Section      512  startup_stm32f10x_hd.o(HEAP)
    Heap_Mem                                 0x20000358   Data         512  startup_stm32f10x_hd.o(HEAP)
    STACK                                    0x20000558   Section     1024  startup_stm32f10x_hd.o(STACK)
    Stack_Mem                                0x20000558   Data        1024  startup_stm32f10x_hd.o(STACK)
    __initial_sp                             0x20000958   Data           0  startup_stm32f10x_hd.o(STACK)

    Global Symbols

    Symbol Name                              Value     Ov Type        Size  Object(Section)

    BuildAttributes$$THM_ISAv4$P$D$K$B$S$PE$A:L22UL41UL21$X:L11$S22US41US21$IEEE1$IW$USESV6$~STKCKD$USESV7$~SHL$OSPACE$ROPI$EBA8$UX$STANDARDLIB$REQ8$PRES8$EABIv2 0x00000000   Number         0  anon$$obj.o ABSOLUTE
    __ARM_use_no_argv                        0x00000000   Number         0  main.o ABSOLUTE
    __ARM_exceptions_init                     - Undefined Weak Reference
    __alloca_initialize                       - Undefined Weak Reference
    __arm_fini_                               - Undefined Weak Reference
    __arm_preinit_                            - Undefined Weak Reference
    __cpp_initialize__aeabi_                  - Undefined Weak Reference
    __cxa_finalize                            - Undefined Weak Reference
    __rt_locale                               - Undefined Weak Reference
    __sigvec_lookup                           - Undefined Weak Reference
    _atexit_init                              - Undefined Weak Reference
    _call_atexit_fns                          - Undefined Weak Reference
    _clock_init                               - Undefined Weak Reference
    _fp_trap_init                             - Undefined Weak Reference
    _fp_trap_shutdown                         - Undefined Weak Reference
    _get_lc_collate                           - Undefined Weak Reference
    _get_lc_ctype                             - Undefined Weak Reference
    _get_lc_monetary                          - Undefined Weak Reference
    _get_lc_numeric                           - Undefined Weak Reference
    _get_lc_time                              - Undefined Weak Reference
    _getenv_init                              - Undefined Weak Reference
    _handle_redirection                       - Undefined Weak Reference
    _init_alloc                               - Undefined Weak Reference
    _init_user_alloc                          - Undefined Weak Reference
    _initio                                   - Undefined Weak Reference
    _mutex_acquire                            - Undefined Weak Reference
    _mutex_release                            - Undefined Weak Reference
    _printf_mbtowc                            - Undefined Weak Reference
    _printf_post_padding                      - Undefined Weak Reference
    _printf_pre_padding                       - Undefined Weak Reference
    _printf_truncate_signed                   - Undefined Weak Reference
    _printf_truncate_unsigned                 - Undefined Weak Reference
    _rand_init                                - Undefined Weak Reference
    _signal_finish                            - Undefined Weak Reference
    _signal_init                              - Undefined Weak Reference
    _terminate_alloc                          - Undefined Weak Reference
    _terminate_user_alloc                     - Undefined Weak Reference
    _terminateio                              - Undefined Weak Reference
    __Vectors_Size                           0x00000130   Number         0  startup_stm32f10x_hd.o ABSOLUTE
    __Vectors                                0x08000000   Data           4  startup_stm32f10x_hd.o(RESET)
    __Vectors_End                            0x08000130   Data           0  startup_stm32f10x_hd.o(RESET)
    __main                                   0x08000131   Thumb Code     8  __main.o(!!!main)
    __scatterload                            0x08000139   Thumb Code     0  __scatter.o(!!!scatter)
    __scatterload_rt2                        0x08000139   Thumb Code    44  __scatter.o(!!!scatter)
    __scatterload_rt2_thumb_only             0x08000139   Thumb Code     0  __scatter.o(!!!scatter)
    __scatterload_null                       0x08000147   Thumb Code     0  __scatter.o(!!!scatter)
    __scatterload_copy                       0x0800016d   Thumb Code    26  __scatter_copy.o(!!handler_copy)
    __scatterload_zeroinit                   0x08000189   Thumb Code    28  __scatter_zi.o(!!handler_zi)
    _printf_d                                0x080001a5   Thumb Code     0  _printf_d.o(.ARM.Collect$$_printf_percent$$00000009)
    _printf_percent                          0x080001a5   Thumb Code     0  _printf_percent.o(.ARM.Collect$$_printf_percent$$00000000)
    _printf_s                                0x080001ab   Thumb Code     0  _printf_s.o(.ARM.Collect$$_printf_percent$$00000014)
    _printf_percent_end                      0x080001b1   Thumb Code     0  _printf_percent_end.o(.ARM.Collect$$_printf_percent$$00000017)
    __rt_lib_init                            0x080001b5   Thumb Code     0  libinit.o(.ARM.Collect$$libinit$$00000000)
    __rt_lib_init_alloca_1                   0x080001b7   Thumb Code     0  libinit2.o(.ARM.Collect$$libinit$$0000002E)
    __rt_lib_init_argv_1                     0x080001b7   Thumb Code     0  libinit2.o(.ARM.Collect$$libinit$$0000002C)
    __rt_lib_init_atexit_1                   0x080001b7   Thumb Code     0  libinit2.o(.ARM.Collect$$libinit$$0000001B)
    __rt_lib_init_clock_1                    0x080001b7   Thumb Code     0  libinit2.o(.ARM.Collect$$libinit$$00000021)
    __rt_lib_init_cpp_1                      0x080001b7   Thumb Code     0  libinit2.o(.ARM.Collect$$libinit$$00000032)
    __rt_lib_init_exceptions_1               0x080001b7   Thumb Code     0  libinit2.o(.ARM.Collect$$libinit$$00000030)
    __rt_lib_init_fp_1                       0x080001b7   Thumb Code     0  libinit2.o(.ARM.Collect$$libinit$$00000002)
    __rt_lib_init_fp_trap_1                  0x080001b7   Thumb Code     0  libinit2.o(.ARM.Collect$$libinit$$0000001F)
    __rt_lib_init_getenv_1                   0x080001b7   Thumb Code     0  libinit2.o(.ARM.Collect$$libinit$$00000023)
    __rt_lib_init_heap_1                     0x080001b7   Thumb Code     0  libinit2.o(.ARM.Collect$$libinit$$0000000A)
    __rt_lib_init_lc_collate_1               0x080001b7   Thumb Code     0  libinit2.o(.ARM.Collect$$libinit$$00000011)
    __rt_lib_init_lc_ctype_1                 0x080001b7   Thumb Code     0  libinit2.o(.ARM.Collect$$libinit$$00000013)
    __rt_lib_init_lc_monetary_1              0x080001b7   Thumb Code     0  libinit2.o(.ARM.Collect$$libinit$$00000015)
    __rt_lib_init_lc_numeric_1               0x080001b7   Thumb Code     0  libinit2.o(.ARM.Collect$$libinit$$00000017)
    __rt_lib_init_lc_time_1                  0x080001b7   Thumb Code     0  libinit2.o(.ARM.Collect$$libinit$$00000019)
    __rt_lib_init_preinit_1                  0x080001b7   Thumb Code     0  libinit2.o(.ARM.Collect$$libinit$$00000004)
    __rt_lib_init_rand_1                     0x080001b7   Thumb Code     0  libinit2.o(.ARM.Collect$$libinit$$0000000E)
    __rt_lib_init_return                     0x080001b7   Thumb Code     0  libinit2.o(.ARM.Collect$$libinit$$00000033)
    __rt_lib_init_signal_1                   0x080001b7   Thumb Code     0  libinit2.o(.ARM.Collect$$libinit$$0000001D)
    __rt_lib_init_stdio_1                    0x080001b7   Thumb Code     0  libinit2.o(.ARM.Collect$$libinit$$00000025)
    __rt_lib_init_user_alloc_1               0x080001b7   Thumb Code     0  libinit2.o(.ARM.Collect$$libinit$$0000000C)
    __rt_lib_shutdown                        0x080001b9   Thumb Code     0  libshutdown.o(.ARM.Collect$$libshutdown$$00000000)
    __rt_lib_shutdown_cpp_1                  0x080001bb   Thumb Code     0  libshutdown2.o(.ARM.Collect$$libshutdown$$00000004)
    __rt_lib_shutdown_fini_1                 0x080001bb   Thumb Code     0  libshutdown2.o(.ARM.Collect$$libshutdown$$00000002)
    __rt_lib_shutdown_fp_trap_1              0x080001bb   Thumb Code     0  libshutdown2.o(.ARM.Collect$$libshutdown$$00000009)
    __rt_lib_shutdown_heap_1                 0x080001bb   Thumb Code     0  libshutdown2.o(.ARM.Collect$$libshutdown$$00000011)
    __rt_lib_shutdown_return                 0x080001bb   Thumb Code     0  libshutdown2.o(.ARM.Collect$$libshutdown$$00000012)
    __rt_lib_shutdown_signal_1               0x080001bb   Thumb Code     0  libshutdown2.o(.ARM.Collect$$libshutdown$$0000000C)
    __rt_lib_shutdown_stdio_1                0x080001bb   Thumb Code     0  libshutdown2.o(.ARM.Collect$$libshutdown$$00000006)
    __rt_lib_shutdown_user_alloc_1           0x080001bb   Thumb Code     0  libshutdown2.o(.ARM.Collect$$libshutdown$$0000000E)
    __rt_entry                               0x080001bd   Thumb Code     0  __rtentry.o(.ARM.Collect$$rtentry$$00000000)
    __rt_entry_presh_1                       0x080001bd   Thumb Code     0  __rtentry2.o(.ARM.Collect$$rtentry$$00000002)
    __rt_entry_sh                            0x080001bd   Thumb Code     0  __rtentry4.o(.ARM.Collect$$rtentry$$00000004)
    __rt_entry_li                            0x080001c3   Thumb Code     0  __rtentry2.o(.ARM.Collect$$rtentry$$0000000A)
    __rt_entry_postsh_1                      0x080001c3   Thumb Code     0  __rtentry2.o(.ARM.Collect$$rtentry$$00000009)
    __rt_entry_main                          0x080001c7   Thumb Code     0  __rtentry2.o(.ARM.Collect$$rtentry$$0000000D)
    __rt_entry_postli_1                      0x080001c7   Thumb Code     0  __rtentry2.o(.ARM.Collect$$rtentry$$0000000C)
    __rt_exit                                0x080001cf   Thumb Code     0  rtexit.o(.ARM.Collect$$rtexit$$00000000)
    __rt_exit_ls                             0x080001d1   Thumb Code     0  rtexit2.o(.ARM.Collect$$rtexit$$00000003)
    __rt_exit_prels_1                        0x080001d1   Thumb Code     0  rtexit2.o(.ARM.Collect$$rtexit$$00000002)
    __rt_exit_exit                           0x080001d5   Thumb Code     0  rtexit2.o(.ARM.Collect$$rtexit$$00000004)
    Reset_Handler                            0x080001dd   Thumb Code     8  startup_stm32f10x_hd.o(.text)
    ADC1_2_IRQHandler                        0x080001f7   Thumb Code     0  startup_stm32f10x_hd.o(.text)
    ADC3_IRQHandler                          0x080001f7   Thumb Code     0  startup_stm32f10x_hd.o(.text)
    CAN1_RX1_IRQHandler                      0x080001f7   Thumb Code     0  startup_stm32f10x_hd.o(.text)
    CAN1_SCE_IRQHandler                      0x080001f7   Thumb Code     0  startup_stm32f10x_hd.o(.text)
    DMA1_Channel1_IRQHandler                 0x080001f7   Thumb Code     0  startup_stm32f10x_hd.o(.text)
    DMA1_Channel2_IRQHandler                 0x080001f7   Thumb Code     0  startup_stm32f10x_hd.o(.text)
    DMA1_Channel3_IRQHandler                 0x080001f7   Thumb Code     0  startup_stm32f10x_hd.o(.text)
    DMA1_Channel4_IRQHandler                 0x080001f7   Thumb Code     0  startup_stm32f10x_hd.o(.text)
    DMA1_Channel5_IRQHandler                 0x080001f7   Thumb Code     0  startup_stm32f10x_hd.o(.text)
    DMA1_Channel6_IRQHandler                 0x080001f7   Thumb Code     0  startup_stm32f10x_hd.o(.text)
    DMA1_Channel7_IRQHandler                 0x080001f7   Thumb Code     0  startup_stm32f10x_hd.o(.text)
    DMA2_Channel1_IRQHandler                 0x080001f7   Thumb Code     0  startup_stm32f10x_hd.o(.text)
    DMA2_Channel2_IRQHandler                 0x080001f7   Thumb Code     0  startup_stm32f10x_hd.o(.text)
    DMA2_Channel3_IRQHandler                 0x080001f7   Thumb Code     0  startup_stm32f10x_hd.o(.text)
    DMA2_Channel4_5_IRQHandler               0x080001f7   Thumb Code     0  startup_stm32f10x_hd.o(.text)
    EXTI0_IRQHandler                         0x080001f7   Thumb Code     0  startup_stm32f10x_hd.o(.text)
    EXTI1_IRQHandler                         0x080001f7   Thumb Code     0  startup_stm32f10x_hd.o(.text)
    EXTI2_IRQHandler                         0x080001f7   Thumb Code     0  startup_stm32f10x_hd.o(.text)
    EXTI3_IRQHandler                         0x080001f7   Thumb Code     0  startup_stm32f10x_hd.o(.text)
    EXTI4_IRQHandler                         0x080001f7   Thumb Code     0  startup_stm32f10x_hd.o(.text)
    EXTI9_5_IRQHandler                       0x080001f7   Thumb Code     0  startup_stm32f10x_hd.o(.text)
    FLASH_IRQHandler                         0x080001f7   Thumb Code     0  startup_stm32f10x_hd.o(.text)
    FSMC_IRQHandler                          0x080001f7   Thumb Code     0  startup_stm32f10x_hd.o(.text)
    I2C1_ER_IRQHandler                       0x080001f7   Thumb Code     0  startup_stm32f10x_hd.o(.text)
    I2C1_EV_IRQHandler                       0x080001f7   Thumb Code     0  startup_stm32f10x_hd.o(.text)
    I2C2_ER_IRQHandler                       0x080001f7   Thumb Code     0  startup_stm32f10x_hd.o(.text)
    I2C2_EV_IRQHandler                       0x080001f7   Thumb Code     0  startup_stm32f10x_hd.o(.text)
    PVD_IRQHandler                           0x080001f7   Thumb Code     0  startup_stm32f10x_hd.o(.text)
    RCC_IRQHandler                           0x080001f7   Thumb Code     0  startup_stm32f10x_hd.o(.text)
    RTCAlarm_IRQHandler                      0x080001f7   Thumb Code     0  startup_stm32f10x_hd.o(.text)
    RTC_IRQHandler                           0x080001f7   Thumb Code     0  startup_stm32f10x_hd.o(.text)
    SDIO_IRQHandler                          0x080001f7   Thumb Code     0  startup_stm32f10x_hd.o(.text)
    SPI1_IRQHandler                          0x080001f7   Thumb Code     0  startup_stm32f10x_hd.o(.text)
    SPI2_IRQHandler                          0x080001f7   Thumb Code     0  startup_stm32f10x_hd.o(.text)
    SPI3_IRQHandler                          0x080001f7   Thumb Code     0  startup_stm32f10x_hd.o(.text)
    TAMPER_IRQHandler                        0x080001f7   Thumb Code     0  startup_stm32f10x_hd.o(.text)
    TIM1_BRK_IRQHandler                      0x080001f7   Thumb Code     0  startup_stm32f10x_hd.o(.text)
    TIM1_CC_IRQHandler                       0x080001f7   Thumb Code     0  startup_stm32f10x_hd.o(.text)
    TIM1_TRG_COM_IRQHandler                  0x080001f7   Thumb Code     0  startup_stm32f10x_hd.o(.text)
    TIM1_UP_IRQHandler                       0x080001f7   Thumb Code     0  startup_stm32f10x_hd.o(.text)
    TIM2_IRQHandler                          0x080001f7   Thumb Code     0  startup_stm32f10x_hd.o(.text)
    TIM3_IRQHandler                          0x080001f7   Thumb Code     0  startup_stm32f10x_hd.o(.text)
    TIM4_IRQHandler                          0x080001f7   Thumb Code     0  startup_stm32f10x_hd.o(.text)
    TIM5_IRQHandler                          0x080001f7   Thumb Code     0  startup_stm32f10x_hd.o(.text)
    TIM6_IRQHandler                          0x080001f7   Thumb Code     0  startup_stm32f10x_hd.o(.text)
    TIM7_IRQHandler                          0x080001f7   Thumb Code     0  startup_stm32f10x_hd.o(.text)
    TIM8_BRK_IRQHandler                      0x080001f7   Thumb Code     0  startup_stm32f10x_hd.o(.text)
    TIM8_CC_IRQHandler                       0x080001f7   Thumb Code     0  startup_stm32f10x_hd.o(.text)
    TIM8_TRG_COM_IRQHandler                  0x080001f7   Thumb Code     0  startup_stm32f10x_hd.o(.text)
    TIM8_UP_IRQHandler                       0x080001f7   Thumb Code     0  startup_stm32f10x_hd.o(.text)
    UART4_IRQHandler                         0x080001f7   Thumb Code     0  startup_stm32f10x_hd.o(.text)
    UART5_IRQHandler                         0x080001f7   Thumb Code     0  startup_stm32f10x_hd.o(.text)
    USART3_IRQHandler                        0x080001f7   Thumb Code     0  startup_stm32f10x_hd.o(.text)
    USBWakeUp_IRQHandler                     0x080001f7   Thumb Code     0  startup_stm32f10x_hd.o(.text)
    USB_HP_CAN1_TX_IRQHandler                0x080001f7   Thumb Code     0  startup_stm32f10x_hd.o(.text)
    USB_LP_CAN1_RX0_IRQHandler               0x080001f7   Thumb Code     0  startup_stm32f10x_hd.o(.text)
    WWDG_IRQHandler                          0x080001f7   Thumb Code     0  startup_stm32f10x_hd.o(.text)
    __user_initial_stackheap                 0x080001f9   Thumb Code     0  startup_stm32f10x_hd.o(.text)
    __use_no_semihosting                     0x0800021d   Thumb Code     2  use_no_semi_2.o(.text)
    __2printf                                0x08000221   Thumb Code    20  noretval__2printf.o(.text)
    __printf                                 0x08000239   Thumb Code   104  __printf.o(.text)
    _printf_str                              0x080002a1   Thumb Code    82  _printf_str.o(.text)
    _printf_int_dec                          0x080002f5   Thumb Code   104  _printf_dec.o(.text)
    strstr                                   0x0800036d   Thumb Code    36  strstr.o(.text)
    __use_two_region_memory                  0x08000391   Thumb Code     2  heapauxi.o(.text)
    __rt_heap_escrow$2region                 0x08000393   Thumb Code     2  heapauxi.o(.text)
    __rt_heap_expand$2region                 0x08000395   Thumb Code     2  heapauxi.o(.text)
    __I$use$semihosting                      0x08000397   Thumb Code     0  use_no_semi.o(.text)
    __use_no_semihosting_swi                 0x08000397   Thumb Code     2  use_no_semi.o(.text)
    _printf_int_common                       0x08000399   Thumb Code   178  _printf_intcommon.o(.text)
    _printf_cs_common                        0x0800044b   Thumb Code    20  _printf_char.o(.text)
    _printf_char                             0x0800045f   Thumb Code    16  _printf_char.o(.text)
    _printf_string                           0x0800046f   Thumb Code     8  _printf_char.o(.text)
    _printf_char_file                        0x08000479   Thumb Code    32  _printf_char_file.o(.text)
    _printf_char_common                      0x080004a7   Thumb Code    32  _printf_char_common.o(.text)
    ferror                                   0x080004cd   Thumb Code     8  ferror.o(.text)
    __user_setup_stackheap                   0x080004d5   Thumb Code    74  sys_stackheap_outer.o(.text)
    exit                                     0x0800051f   Thumb Code    18  exit.o(.text)
    __user_libspace                          0x08000531   Thumb Code     8  libspace.o(.text)
    __user_perproc_libspace                  0x08000531   Thumb Code     0  libspace.o(.text)
    __user_perthread_libspace                0x08000531   Thumb Code     0  libspace.o(.text)
    ADC_Cmd                                  0x08000539   Thumb Code    22  stm32f10x_adc.o(i.ADC_Cmd)
    ADC_DeInit                               0x08000551   Thumb Code    78  stm32f10x_adc.o(i.ADC_DeInit)
    ADC_GetCalibrationStatus                 0x080005ad   Thumb Code    20  stm32f10x_adc.o(i.ADC_GetCalibrationStatus)
    ADC_GetConversionValue                   0x080005c1   Thumb Code     8  stm32f10x_adc.o(i.ADC_GetConversionValue)
    ADC_GetFlagStatus                        0x080005c9   Thumb Code    18  stm32f10x_adc.o(i.ADC_GetFlagStatus)
    ADC_GetResetCalibrationStatus            0x080005db   Thumb Code    20  stm32f10x_adc.o(i.ADC_GetResetCalibrationStatus)
    ADC_Init                                 0x080005f1   Thumb Code    70  stm32f10x_adc.o(i.ADC_Init)
    ADC_RegularChannelConfig                 0x08000641   Thumb Code   184  stm32f10x_adc.o(i.ADC_RegularChannelConfig)
    ADC_ResetCalibration                     0x080006f9   Thumb Code    10  stm32f10x_adc.o(i.ADC_ResetCalibration)
    ADC_SoftwareStartConvCmd                 0x08000703   Thumb Code    22  stm32f10x_adc.o(i.ADC_SoftwareStartConvCmd)
    ADC_StartCalibration                     0x08000719   Thumb Code    10  stm32f10x_adc.o(i.ADC_StartCalibration)
    BUZZER_Init                              0x08000725   Thumb Code    52  buzzer.o(i.BUZZER_Init)
    BUZZER_Off                               0x08000761   Thumb Code    14  buzzer.o(i.BUZZER_Off)
    BUZZER_On                                0x08000775   Thumb Code    14  buzzer.o(i.BUZZER_On)
    BusFault_Handler                         0x08000789   Thumb Code     4  stm32f10x_it.o(i.BusFault_Handler)
    DHT11_Init                               0x08000821   Thumb Code    22  dht11.o(i.DHT11_Init)
    DHT11_ReadData                           0x080008c1   Thumb Code   110  dht11.o(i.DHT11_ReadData)
    DebugMon_Handler                         0x08000961   Thumb Code     2  stm32f10x_it.o(i.DebugMon_Handler)
    EXTI15_10_IRQHandler                     0x08000965   Thumb Code    76  hcsr04.o(i.EXTI15_10_IRQHandler)
    EXTI_ClearITPendingBit                   0x080009c1   Thumb Code     6  stm32f10x_exti.o(i.EXTI_ClearITPendingBit)
    EXTI_GetITStatus                         0x080009cd   Thumb Code    34  stm32f10x_exti.o(i.EXTI_GetITStatus)
    EXTI_Init                                0x080009f5   Thumb Code   142  stm32f10x_exti.o(i.EXTI_Init)
    GPIO_EXTILineConfig                      0x08000a89   Thumb Code    60  stm32f10x_gpio.o(i.GPIO_EXTILineConfig)
    GPIO_Init                                0x08000ac9   Thumb Code   278  stm32f10x_gpio.o(i.GPIO_Init)
    GPIO_PinRemapConfig                      0x08000be1   Thumb Code   138  stm32f10x_gpio.o(i.GPIO_PinRemapConfig)
    GPIO_ReadInputDataBit                    0x08000c71   Thumb Code    18  stm32f10x_gpio.o(i.GPIO_ReadInputDataBit)
    GPIO_ResetBits                           0x08000c83   Thumb Code     4  stm32f10x_gpio.o(i.GPIO_ResetBits)
    GPIO_SetBits                             0x08000c87   Thumb Code     4  stm32f10x_gpio.o(i.GPIO_SetBits)
    HCSR04_GetDistanceCm                     0x08000ccd   Thumb Code    46  hcsr04.o(i.HCSR04_GetDistanceCm)
    HCSR04_GetEchoTimeUs                     0x08000cfd   Thumb Code    64  hcsr04.o(i.HCSR04_GetEchoTimeUs)
    HCSR04_Init                              0x08000d49   Thumb Code   206  hcsr04.o(i.HCSR04_Init)
    HardFault_Handler                        0x08000e51   Thumb Code     4  stm32f10x_it.o(i.HardFault_Handler)
    KEY_Init                                 0x08000e55   Thumb Code    38  key.o(i.KEY_Init)
    KEY_Scan                                 0x08000e81   Thumb Code    94  key.o(i.KEY_Scan)
    LED_AllOff                               0x08000ee5   Thumb Code    14  led.o(i.LED_AllOff)
    LED_AllOn                                0x08000ef9   Thumb Code    14  led.o(i.LED_AllOn)
    LED_B_On                                 0x08000f0d   Thumb Code    12  led.o(i.LED_B_On)
    LED_G_On                                 0x08000f19   Thumb Code    12  led.o(i.LED_G_On)
    LED_Init                                 0x08000f25   Thumb Code    44  led.o(i.LED_Init)
    LED_R_On                                 0x08000f55   Thumb Code    12  led.o(i.LED_R_On)
    LIGHT_Init                               0x08000f85   Thumb Code   144  light.o(i.LIGHT_Init)
    LIGHT_ReadAverage                        0x0800101d   Thumb Code    36  light.o(i.LIGHT_ReadAverage)
    LIGHT_ReadRaw                            0x08001041   Thumb Code    32  light.o(i.LIGHT_ReadRaw)
    MemManage_Handler                        0x08001097   Thumb Code     4  stm32f10x_it.o(i.MemManage_Handler)
    NMI_Handler                              0x0800109b   Thumb Code     2  stm32f10x_it.o(i.NMI_Handler)
    NVIC_Init                                0x0800109d   Thumb Code   100  misc.o(i.NVIC_Init)
    OLED_Clear                               0x0800110d   Thumb Code    42  oled.o(i.OLED_Clear)
    OLED_Init                                0x080011f5   Thumb Code   212  oled.o(i.OLED_Init)
    OLED_ShowLightStatus                     0x080015e9   Thumb Code    92  oled.o(i.OLED_ShowLightStatus)
    OLED_ShowStatus                          0x0800165d   Thumb Code   106  oled.o(i.OLED_ShowStatus)
    PendSV_Handler                           0x08001753   Thumb Code     2  stm32f10x_it.o(i.PendSV_Handler)
    RCC_ADCCLKConfig                         0x08001755   Thumb Code    18  stm32f10x_rcc.o(i.RCC_ADCCLKConfig)
    RCC_APB1PeriphClockCmd                   0x0800176d   Thumb Code    26  stm32f10x_rcc.o(i.RCC_APB1PeriphClockCmd)
    RCC_APB2PeriphClockCmd                   0x0800178d   Thumb Code    26  stm32f10x_rcc.o(i.RCC_APB2PeriphClockCmd)
    RCC_APB2PeriphResetCmd                   0x080017ad   Thumb Code    26  stm32f10x_rcc.o(i.RCC_APB2PeriphResetCmd)
    RCC_GetClocksFreq                        0x080017cd   Thumb Code   192  stm32f10x_rcc.o(i.RCC_GetClocksFreq)
    SVC_Handler                              0x0800191b   Thumb Code     2  stm32f10x_it.o(i.SVC_Handler)
    SysTick_CLKSourceConfig                  0x08001a05   Thumb Code    40  misc.o(i.SysTick_CLKSourceConfig)
    SysTick_Handler                          0x08001a2d   Thumb Code     2  stm32f10x_it.o(i.SysTick_Handler)
    SystemInit                               0x08001a31   Thumb Code    78  system_stm32f10x.o(i.SystemInit)
    TIM_Cmd                                  0x08001a91   Thumb Code    24  stm32f10x_tim.o(i.TIM_Cmd)
    TIM_GetCounter                           0x08001aa9   Thumb Code     6  stm32f10x_tim.o(i.TIM_GetCounter)
    TIM_SetCounter                           0x08001aaf   Thumb Code     4  stm32f10x_tim.o(i.TIM_SetCounter)
    TIM_TimeBaseInit                         0x08001ab5   Thumb Code   122  stm32f10x_tim.o(i.TIM_TimeBaseInit)
    USART1_IRQHandler                        0x08001b59   Thumb Code   122  usart.o(i.USART1_IRQHandler)
    USART2_ClearBuf                          0x08001be1   Thumb Code    28  usart.o(i.USART2_ClearBuf)
    USART2_IRQHandler                        0x08001c05   Thumb Code    84  usart.o(i.USART2_IRQHandler)
    USART2_SendByte                          0x08001c69   Thumb Code    28  usart.o(i.USART2_SendByte)
    USART2_SendString                        0x08001c89   Thumb Code    22  usart.o(i.USART2_SendString)
    USART_Cmd                                0x08001c9f   Thumb Code    24  stm32f10x_usart.o(i.USART_Cmd)
    USART_GetFlagStatus                      0x08001cb7   Thumb Code    26  stm32f10x_usart.o(i.USART_GetFlagStatus)
    USART_GetITStatus                        0x08001cd1   Thumb Code    84  stm32f10x_usart.o(i.USART_GetITStatus)
    USART_ITConfig                           0x08001d25   Thumb Code    74  stm32f10x_usart.o(i.USART_ITConfig)
    USART_Init                               0x08001d71   Thumb Code   210  stm32f10x_usart.o(i.USART_Init)
    USART_ReceiveData                        0x08001e49   Thumb Code    10  stm32f10x_usart.o(i.USART_ReceiveData)
    USART_SendData                           0x08001e53   Thumb Code     8  stm32f10x_usart.o(i.USART_SendData)
    UsageFault_Handler                       0x08001e5b   Thumb Code     4  stm32f10x_it.o(i.UsageFault_Handler)
    WiFi_EN_Init                             0x08001e61   Thumb Code    50  usart.o(i.WiFi_EN_Init)
    WiFi_EN_Off                              0x08001e99   Thumb Code    14  usart.o(i.WiFi_EN_Off)
    WiFi_EN_On                               0x08001ead   Thumb Code    14  usart.o(i.WiFi_EN_On)
    _sys_exit                                0x080021c5   Thumb Code     4  usart.o(i._sys_exit)
    delay_init                               0x080021c9   Thumb Code    50  delay.o(i.delay_init)
    delay_ms                                 0x0800220d   Thumb Code    72  delay.o(i.delay_ms)
    delay_us                                 0x08002259   Thumb Code    72  delay.o(i.delay_us)
    fputc                                    0x080022a5   Thumb Code    24  usart.o(i.fputc)
    main                                     0x080022c1   Thumb Code   284  main.o(i.main)
    uart2_init                               0x08002419   Thumb Code   158  usart.o(i.uart2_init)
    uart_init                                0x080024c1   Thumb Code   152  usart.o(i.uart_init)
    Region$$Table$$Base                      0x080025c0   Number         0  anon$$obj.o(Region$$Table)
    Region$$Table$$Limit                     0x080025e0   Number         0  anon$$obj.o(Region$$Table)
    SystemCoreClock                          0x20000000   Data           4  system_stm32f10x.o(.data)
    AHBPrescTable                            0x20000004   Data          16  system_stm32f10x.o(.data)
    __stdout                                 0x2000002c   Data           4  usart.o(.data)
    USART_RX_STA                             0x20000030   Data           2  usart.o(.data)
    USART2_RX_CNT                            0x20000032   Data           2  usart.o(.data)
    USART_RX_BUF                             0x2000003c   Data         200  usart.o(.bss)
    USART2_RX_BUF                            0x20000104   Data         500  usart.o(.bss)
    __libspace_start                         0x200002f8   Data          96  libspace.o(.bss)
    __temporary_stack_top$libspace           0x20000358   Data           0  libspace.o(.bss)



==============================================================================

Memory Map of the image

  Image Entry point : 0x080001dd

  Load Region LR_1 (Base: 0x08000000, Size: 0x0000261c, Max: 0xffffffff, ABSOLUTE)

    Execution Region ER_RO (Exec base: 0x08000000, Load base: 0x08000000, Size: 0x000025e0, Max: 0xffffffff, ABSOLUTE)

    Exec Addr    Load Addr    Size         Type   Attr      Idx    E Section Name        Object

    0x08000000   0x08000000   0x00000130   Data   RO         3277    RESET               startup_stm32f10x_hd.o
    0x08000130   0x08000130   0x00000008   Code   RO         3795  * !!!main             c_w.l(__main.o)
    0x08000138   0x08000138   0x00000034   Code   RO         3967    !!!scatter          c_w.l(__scatter.o)
    0x0800016c   0x0800016c   0x0000001a   Code   RO         3969    !!handler_copy      c_w.l(__scatter_copy.o)
    0x08000186   0x08000186   0x00000002   PAD
    0x08000188   0x08000188   0x0000001c   Code   RO         3971    !!handler_zi        c_w.l(__scatter_zi.o)
    0x080001a4   0x080001a4   0x00000000   Code   RO         3790    .ARM.Collect$$_printf_percent$$00000000  c_w.l(_printf_percent.o)
    0x080001a4   0x080001a4   0x00000006   Code   RO         3789    .ARM.Collect$$_printf_percent$$00000009  c_w.l(_printf_d.o)
    0x080001aa   0x080001aa   0x00000006   Code   RO         3788    .ARM.Collect$$_printf_percent$$00000014  c_w.l(_printf_s.o)
    0x080001b0   0x080001b0   0x00000004   Code   RO         3806    .ARM.Collect$$_printf_percent$$00000017  c_w.l(_printf_percent_end.o)
    0x080001b4   0x080001b4   0x00000002   Code   RO         3839    .ARM.Collect$$libinit$$00000000  c_w.l(libinit.o)
    0x080001b6   0x080001b6   0x00000000   Code   RO         3846    .ARM.Collect$$libinit$$00000002  c_w.l(libinit2.o)
    0x080001b6   0x080001b6   0x00000000   Code   RO         3848    .ARM.Collect$$libinit$$00000004  c_w.l(libinit2.o)
    0x080001b6   0x080001b6   0x00000000   Code   RO         3851    .ARM.Collect$$libinit$$0000000A  c_w.l(libinit2.o)
    0x080001b6   0x080001b6   0x00000000   Code   RO         3853    .ARM.Collect$$libinit$$0000000C  c_w.l(libinit2.o)
    0x080001b6   0x080001b6   0x00000000   Code   RO         3855    .ARM.Collect$$libinit$$0000000E  c_w.l(libinit2.o)
    0x080001b6   0x080001b6   0x00000000   Code   RO         3858    .ARM.Collect$$libinit$$00000011  c_w.l(libinit2.o)
    0x080001b6   0x080001b6   0x00000000   Code   RO         3860    .ARM.Collect$$libinit$$00000013  c_w.l(libinit2.o)
    0x080001b6   0x080001b6   0x00000000   Code   RO         3862    .ARM.Collect$$libinit$$00000015  c_w.l(libinit2.o)
    0x080001b6   0x080001b6   0x00000000   Code   RO         3864    .ARM.Collect$$libinit$$00000017  c_w.l(libinit2.o)
    0x080001b6   0x080001b6   0x00000000   Code   RO         3866    .ARM.Collect$$libinit$$00000019  c_w.l(libinit2.o)
    0x080001b6   0x080001b6   0x00000000   Code   RO         3868    .ARM.Collect$$libinit$$0000001B  c_w.l(libinit2.o)
    0x080001b6   0x080001b6   0x00000000   Code   RO         3870    .ARM.Collect$$libinit$$0000001D  c_w.l(libinit2.o)
    0x080001b6   0x080001b6   0x00000000   Code   RO         3872    .ARM.Collect$$libinit$$0000001F  c_w.l(libinit2.o)
    0x080001b6   0x080001b6   0x00000000   Code   RO         3874    .ARM.Collect$$libinit$$00000021  c_w.l(libinit2.o)
    0x080001b6   0x080001b6   0x00000000   Code   RO         3876    .ARM.Collect$$libinit$$00000023  c_w.l(libinit2.o)
    0x080001b6   0x080001b6   0x00000000   Code   RO         3878    .ARM.Collect$$libinit$$00000025  c_w.l(libinit2.o)
    0x080001b6   0x080001b6   0x00000000   Code   RO         3882    .ARM.Collect$$libinit$$0000002C  c_w.l(libinit2.o)
    0x080001b6   0x080001b6   0x00000000   Code   RO         3884    .ARM.Collect$$libinit$$0000002E  c_w.l(libinit2.o)
    0x080001b6   0x080001b6   0x00000000   Code   RO         3886    .ARM.Collect$$libinit$$00000030  c_w.l(libinit2.o)
    0x080001b6   0x080001b6   0x00000000   Code   RO         3888    .ARM.Collect$$libinit$$00000032  c_w.l(libinit2.o)
    0x080001b6   0x080001b6   0x00000002   Code   RO         3889    .ARM.Collect$$libinit$$00000033  c_w.l(libinit2.o)
    0x080001b8   0x080001b8   0x00000002   Code   RO         3907    .ARM.Collect$$libshutdown$$00000000  c_w.l(libshutdown.o)
    0x080001ba   0x080001ba   0x00000000   Code   RO         3917    .ARM.Collect$$libshutdown$$00000002  c_w.l(libshutdown2.o)
    0x080001ba   0x080001ba   0x00000000   Code   RO         3919    .ARM.Collect$$libshutdown$$00000004  c_w.l(libshutdown2.o)
    0x080001ba   0x080001ba   0x00000000   Code   RO         3921    .ARM.Collect$$libshutdown$$00000006  c_w.l(libshutdown2.o)
    0x080001ba   0x080001ba   0x00000000   Code   RO         3924    .ARM.Collect$$libshutdown$$00000009  c_w.l(libshutdown2.o)
    0x080001ba   0x080001ba   0x00000000   Code   RO         3927    .ARM.Collect$$libshutdown$$0000000C  c_w.l(libshutdown2.o)
    0x080001ba   0x080001ba   0x00000000   Code   RO         3929    .ARM.Collect$$libshutdown$$0000000E  c_w.l(libshutdown2.o)
    0x080001ba   0x080001ba   0x00000000   Code   RO         3932    .ARM.Collect$$libshutdown$$00000011  c_w.l(libshutdown2.o)
    0x080001ba   0x080001ba   0x00000002   Code   RO         3933    .ARM.Collect$$libshutdown$$00000012  c_w.l(libshutdown2.o)
    0x080001bc   0x080001bc   0x00000000   Code   RO         3799    .ARM.Collect$$rtentry$$00000000  c_w.l(__rtentry.o)
    0x080001bc   0x080001bc   0x00000000   Code   RO         3808    .ARM.Collect$$rtentry$$00000002  c_w.l(__rtentry2.o)
    0x080001bc   0x080001bc   0x00000006   Code   RO         3820    .ARM.Collect$$rtentry$$00000004  c_w.l(__rtentry4.o)
    0x080001c2   0x080001c2   0x00000000   Code   RO         3810    .ARM.Collect$$rtentry$$00000009  c_w.l(__rtentry2.o)
    0x080001c2   0x080001c2   0x00000004   Code   RO         3811    .ARM.Collect$$rtentry$$0000000A  c_w.l(__rtentry2.o)
    0x080001c6   0x080001c6   0x00000000   Code   RO         3813    .ARM.Collect$$rtentry$$0000000C  c_w.l(__rtentry2.o)
    0x080001c6   0x080001c6   0x00000008   Code   RO         3814    .ARM.Collect$$rtentry$$0000000D  c_w.l(__rtentry2.o)
    0x080001ce   0x080001ce   0x00000002   Code   RO         3843    .ARM.Collect$$rtexit$$00000000  c_w.l(rtexit.o)
    0x080001d0   0x080001d0   0x00000000   Code   RO         3891    .ARM.Collect$$rtexit$$00000002  c_w.l(rtexit2.o)
    0x080001d0   0x080001d0   0x00000004   Code   RO         3892    .ARM.Collect$$rtexit$$00000003  c_w.l(rtexit2.o)
    0x080001d4   0x080001d4   0x00000006   Code   RO         3893    .ARM.Collect$$rtexit$$00000004  c_w.l(rtexit2.o)
    0x080001da   0x080001da   0x00000002   PAD
    0x080001dc   0x080001dc   0x00000040   Code   RO         3278  * .text               startup_stm32f10x_hd.o
    0x0800021c   0x0800021c   0x00000002   Code   RO         3756    .text               c_w.l(use_no_semi_2.o)
    0x0800021e   0x0800021e   0x00000002   PAD
    0x08000220   0x08000220   0x00000018   Code   RO         3760    .text               c_w.l(noretval__2printf.o)
    0x08000238   0x08000238   0x00000068   Code   RO         3762    .text               c_w.l(__printf.o)
    0x080002a0   0x080002a0   0x00000052   Code   RO         3764    .text               c_w.l(_printf_str.o)
    0x080002f2   0x080002f2   0x00000002   PAD
    0x080002f4   0x080002f4   0x00000078   Code   RO         3766    .text               c_w.l(_printf_dec.o)
    0x0800036c   0x0800036c   0x00000024   Code   RO         3791    .text               c_w.l(strstr.o)
    0x08000390   0x08000390   0x00000006   Code   RO         3793    .text               c_w.l(heapauxi.o)
    0x08000396   0x08000396   0x00000002   Code   RO         3797    .text               c_w.l(use_no_semi.o)
    0x08000398   0x08000398   0x000000b2   Code   RO         3800    .text               c_w.l(_printf_intcommon.o)
    0x0800044a   0x0800044a   0x0000002c   Code   RO         3802    .text               c_w.l(_printf_char.o)
    0x08000476   0x08000476   0x00000002   PAD
    0x08000478   0x08000478   0x00000024   Code   RO         3804    .text               c_w.l(_printf_char_file.o)
    0x0800049c   0x0800049c   0x00000030   Code   RO         3822    .text               c_w.l(_printf_char_common.o)
    0x080004cc   0x080004cc   0x00000008   Code   RO         3824    .text               c_w.l(ferror.o)
    0x080004d4   0x080004d4   0x0000004a   Code   RO         3828    .text               c_w.l(sys_stackheap_outer.o)
    0x0800051e   0x0800051e   0x00000012   Code   RO         3832    .text               c_w.l(exit.o)
    0x08000530   0x08000530   0x00000008   Code   RO         3840    .text               c_w.l(libspace.o)
    0x08000538   0x08000538   0x00000016   Code   RO          339    i.ADC_Cmd           stm32f10x_adc.o
    0x0800054e   0x0800054e   0x00000002   PAD
    0x08000550   0x08000550   0x0000005c   Code   RO          341    i.ADC_DeInit        stm32f10x_adc.o
    0x080005ac   0x080005ac   0x00000014   Code   RO          347    i.ADC_GetCalibrationStatus  stm32f10x_adc.o
    0x080005c0   0x080005c0   0x00000008   Code   RO          348    i.ADC_GetConversionValue  stm32f10x_adc.o
    0x080005c8   0x080005c8   0x00000012   Code   RO          350    i.ADC_GetFlagStatus  stm32f10x_adc.o
    0x080005da   0x080005da   0x00000014   Code   RO          353    i.ADC_GetResetCalibrationStatus  stm32f10x_adc.o
    0x080005ee   0x080005ee   0x00000002   PAD
    0x080005f0   0x080005f0   0x00000050   Code   RO          357    i.ADC_Init          stm32f10x_adc.o
    0x08000640   0x08000640   0x000000b8   Code   RO          361    i.ADC_RegularChannelConfig  stm32f10x_adc.o
    0x080006f8   0x080006f8   0x0000000a   Code   RO          362    i.ADC_ResetCalibration  stm32f10x_adc.o
    0x08000702   0x08000702   0x00000016   Code   RO          364    i.ADC_SoftwareStartConvCmd  stm32f10x_adc.o
    0x08000718   0x08000718   0x0000000a   Code   RO          366    i.ADC_StartCalibration  stm32f10x_adc.o
    0x08000722   0x08000722   0x00000002   PAD
    0x08000724   0x08000724   0x0000003c   Code   RO         3425    i.BUZZER_Init       buzzer.o
    0x08000760   0x08000760   0x00000014   Code   RO         3426    i.BUZZER_Off        buzzer.o
    0x08000774   0x08000774   0x00000014   Code   RO         3427    i.BUZZER_On         buzzer.o
    0x08000788   0x08000788   0x00000004   Code   RO          174    i.BusFault_Handler  stm32f10x_it.o
    0x0800078c   0x0800078c   0x00000050   Code   RO         3706    i.DHT11_Check       dht11.o
    0x080007dc   0x080007dc   0x00000020   Code   RO         3707    i.DHT11_IO_In       dht11.o
    0x080007fc   0x080007fc   0x00000024   Code   RO         3708    i.DHT11_IO_Out      dht11.o
    0x08000820   0x08000820   0x0000001c   Code   RO         3709    i.DHT11_Init        dht11.o
    0x0800083c   0x0800083c   0x00000064   Code   RO         3710    i.DHT11_ReadBit     dht11.o
    0x080008a0   0x080008a0   0x0000001e   Code   RO         3711    i.DHT11_ReadByte    dht11.o
    0x080008be   0x080008be   0x00000002   PAD
    0x080008c0   0x080008c0   0x00000074   Code   RO         3712    i.DHT11_ReadData    dht11.o
    0x08000934   0x08000934   0x0000002c   Code   RO         3713    i.DHT11_Reset       dht11.o
    0x08000960   0x08000960   0x00000002   Code   RO          175    i.DebugMon_Handler  stm32f10x_it.o
    0x08000962   0x08000962   0x00000002   PAD
    0x08000964   0x08000964   0x0000005c   Code   RO         3539    i.EXTI15_10_IRQHandler  hcsr04.o
    0x080009c0   0x080009c0   0x0000000c   Code   RO         1095    i.EXTI_ClearITPendingBit  stm32f10x_exti.o
    0x080009cc   0x080009cc   0x00000028   Code   RO         1099    i.EXTI_GetITStatus  stm32f10x_exti.o
    0x080009f4   0x080009f4   0x00000094   Code   RO         1100    i.EXTI_Init         stm32f10x_exti.o
    0x08000a88   0x08000a88   0x00000040   Code   RO         1445    i.GPIO_EXTILineConfig  stm32f10x_gpio.o
    0x08000ac8   0x08000ac8   0x00000116   Code   RO         1448    i.GPIO_Init         stm32f10x_gpio.o
    0x08000bde   0x08000bde   0x00000002   PAD
    0x08000be0   0x08000be0   0x00000090   Code   RO         1450    i.GPIO_PinRemapConfig  stm32f10x_gpio.o
    0x08000c70   0x08000c70   0x00000012   Code   RO         1452    i.GPIO_ReadInputDataBit  stm32f10x_gpio.o
    0x08000c82   0x08000c82   0x00000004   Code   RO         1455    i.GPIO_ResetBits    stm32f10x_gpio.o
    0x08000c86   0x08000c86   0x00000004   Code   RO         1456    i.GPIO_SetBits      stm32f10x_gpio.o
    0x08000c8a   0x08000c8a   0x00000026   Code   RO            1    i.GetAlarmLevel     main.o
    0x08000cb0   0x08000cb0   0x0000001c   Code   RO            2    i.GetLightLevel     main.o
    0x08000ccc   0x08000ccc   0x0000002e   Code   RO         3540    i.HCSR04_GetDistanceCm  hcsr04.o
    0x08000cfa   0x08000cfa   0x00000002   PAD
    0x08000cfc   0x08000cfc   0x0000004c   Code   RO         3541    i.HCSR04_GetEchoTimeUs  hcsr04.o
    0x08000d48   0x08000d48   0x000000d4   Code   RO         3542    i.HCSR04_Init       hcsr04.o
    0x08000e1c   0x08000e1c   0x00000034   Code   RO         3543    i.HCSR04_SendTrig   hcsr04.o
    0x08000e50   0x08000e50   0x00000004   Code   RO          176    i.HardFault_Handler  stm32f10x_it.o
    0x08000e54   0x08000e54   0x0000002c   Code   RO         3449    i.KEY_Init          key.o
    0x08000e80   0x08000e80   0x00000064   Code   RO         3450    i.KEY_Scan          key.o
    0x08000ee4   0x08000ee4   0x00000014   Code   RO         3467    i.LED_AllOff        led.o
    0x08000ef8   0x08000ef8   0x00000014   Code   RO         3468    i.LED_AllOn         led.o
    0x08000f0c   0x08000f0c   0x0000000c   Code   RO         3470    i.LED_B_On          led.o
    0x08000f18   0x08000f18   0x0000000c   Code   RO         3472    i.LED_G_On          led.o
    0x08000f24   0x08000f24   0x00000030   Code   RO         3473    i.LED_Init          led.o
    0x08000f54   0x08000f54   0x0000000c   Code   RO         3475    i.LED_R_On          led.o
    0x08000f60   0x08000f60   0x00000024   Code   RO         3477    i.LED_Write         led.o
    0x08000f84   0x08000f84   0x00000098   Code   RO         3682    i.LIGHT_Init        light.o
    0x0800101c   0x0800101c   0x00000024   Code   RO         3683    i.LIGHT_ReadAverage  light.o
    0x08001040   0x08001040   0x00000024   Code   RO         3684    i.LIGHT_ReadRaw     light.o
    0x08001064   0x08001064   0x00000032   Code   RO            3    i.LightLevel_Indicate  main.o
    0x08001096   0x08001096   0x00000004   Code   RO          177    i.MemManage_Handler  stm32f10x_it.o
    0x0800109a   0x0800109a   0x00000002   Code   RO          178    i.NMI_Handler       stm32f10x_it.o
    0x0800109c   0x0800109c   0x00000070   Code   RO          271    i.NVIC_Init         misc.o
    0x0800110c   0x0800110c   0x0000002a   Code   RO         3576    i.OLED_Clear        oled.o
    0x08001136   0x08001136   0x0000000a   Code   RO         3577    i.OLED_IIC_Delay    oled.o
    0x08001140   0x08001140   0x00000024   Code   RO         3578    i.OLED_IIC_Start    oled.o
    0x08001164   0x08001164   0x00000028   Code   RO         3579    i.OLED_IIC_Stop     oled.o
    0x0800118c   0x0800118c   0x00000022   Code   RO         3580    i.OLED_IIC_WaitAck  oled.o
    0x080011ae   0x080011ae   0x00000044   Code   RO         3581    i.OLED_IIC_WriteByte  oled.o
    0x080011f2   0x080011f2   0x00000002   PAD
    0x080011f4   0x080011f4   0x000000d8   Code   RO         3582    i.OLED_Init         oled.o
    0x080012cc   0x080012cc   0x00000024   Code   RO         3583    i.OLED_SCL_Set      oled.o
    0x080012f0   0x080012f0   0x00000024   Code   RO         3584    i.OLED_SDA_Set      oled.o
    0x08001314   0x08001314   0x00000024   Code   RO         3585    i.OLED_SetPos       oled.o
    0x08001338   0x08001338   0x00000090   Code   RO         3586    i.OLED_Show3Digit   oled.o
    0x080013c8   0x080013c8   0x000000d0   Code   RO         3587    i.OLED_Show4Digit   oled.o
    0x08001498   0x08001498   0x00000124   Code   RO         3588    i.OLED_ShowChar6x8  oled.o
    0x080015bc   0x080015bc   0x0000002c   Code   RO         3589    i.OLED_ShowDash3    oled.o
    0x080015e8   0x080015e8   0x00000074   Code   RO         3590    i.OLED_ShowLightStatus  oled.o
    0x0800165c   0x0800165c   0x0000007c   Code   RO         3591    i.OLED_ShowStatus   oled.o
    0x080016d8   0x080016d8   0x00000022   Code   RO         3592    i.OLED_ShowStr6x8   oled.o
    0x080016fa   0x080016fa   0x0000002c   Code   RO         3593    i.OLED_WriteCmd     oled.o
    0x08001726   0x08001726   0x0000002c   Code   RO         3594    i.OLED_WriteData    oled.o
    0x08001752   0x08001752   0x00000002   Code   RO          179    i.PendSV_Handler    stm32f10x_it.o
    0x08001754   0x08001754   0x00000018   Code   RO         1862    i.RCC_ADCCLKConfig  stm32f10x_rcc.o
    0x0800176c   0x0800176c   0x00000020   Code   RO         1864    i.RCC_APB1PeriphClockCmd  stm32f10x_rcc.o
    0x0800178c   0x0800178c   0x00000020   Code   RO         1866    i.RCC_APB2PeriphClockCmd  stm32f10x_rcc.o
    0x080017ac   0x080017ac   0x00000020   Code   RO         1867    i.RCC_APB2PeriphResetCmd  stm32f10x_rcc.o
    0x080017cc   0x080017cc   0x000000d4   Code   RO         1874    i.RCC_GetClocksFreq  stm32f10x_rcc.o
    0x080018a0   0x080018a0   0x0000007a   Code   RO            4    i.ReverseAlarm_ByDistance  main.o
    0x0800191a   0x0800191a   0x00000002   Code   RO          180    i.SVC_Handler       stm32f10x_it.o
    0x0800191c   0x0800191c   0x00000008   Code   RO          237    i.SetSysClock       system_stm32f10x.o
    0x08001924   0x08001924   0x000000e0   Code   RO          238    i.SetSysClockTo72   system_stm32f10x.o
    0x08001a04   0x08001a04   0x00000028   Code   RO          275    i.SysTick_CLKSourceConfig  misc.o
    0x08001a2c   0x08001a2c   0x00000002   Code   RO          181    i.SysTick_Handler   stm32f10x_it.o
    0x08001a2e   0x08001a2e   0x00000002   PAD
    0x08001a30   0x08001a30   0x00000060   Code   RO          240    i.SystemInit        system_stm32f10x.o
    0x08001a90   0x08001a90   0x00000018   Code   RO         2498    i.TIM_Cmd           stm32f10x_tim.o
    0x08001aa8   0x08001aa8   0x00000006   Code   RO         2517    i.TIM_GetCounter    stm32f10x_tim.o
    0x08001aae   0x08001aae   0x00000004   Code   RO         2563    i.TIM_SetCounter    stm32f10x_tim.o
    0x08001ab2   0x08001ab2   0x00000002   PAD
    0x08001ab4   0x08001ab4   0x000000a4   Code   RO         2569    i.TIM_TimeBaseInit  stm32f10x_tim.o
    0x08001b58   0x08001b58   0x00000088   Code   RO         3336    i.USART1_IRQHandler  usart.o
    0x08001be0   0x08001be0   0x00000024   Code   RO         3337    i.USART2_ClearBuf   usart.o
    0x08001c04   0x08001c04   0x00000064   Code   RO         3338    i.USART2_IRQHandler  usart.o
    0x08001c68   0x08001c68   0x00000020   Code   RO         3339    i.USART2_SendByte   usart.o
    0x08001c88   0x08001c88   0x00000016   Code   RO         3340    i.USART2_SendString  usart.o
    0x08001c9e   0x08001c9e   0x00000018   Code   RO         3034    i.USART_Cmd         stm32f10x_usart.o
    0x08001cb6   0x08001cb6   0x0000001a   Code   RO         3037    i.USART_GetFlagStatus  stm32f10x_usart.o
    0x08001cd0   0x08001cd0   0x00000054   Code   RO         3038    i.USART_GetITStatus  stm32f10x_usart.o
    0x08001d24   0x08001d24   0x0000004a   Code   RO         3040    i.USART_ITConfig    stm32f10x_usart.o
    0x08001d6e   0x08001d6e   0x00000002   PAD
    0x08001d70   0x08001d70   0x000000d8   Code   RO         3041    i.USART_Init        stm32f10x_usart.o
    0x08001e48   0x08001e48   0x0000000a   Code   RO         3048    i.USART_ReceiveData  stm32f10x_usart.o
    0x08001e52   0x08001e52   0x00000008   Code   RO         3051    i.USART_SendData    stm32f10x_usart.o
    0x08001e5a   0x08001e5a   0x00000004   Code   RO          182    i.UsageFault_Handler  stm32f10x_it.o
    0x08001e5e   0x08001e5e   0x00000002   PAD
    0x08001e60   0x08001e60   0x00000038   Code   RO         3341    i.WiFi_EN_Init      usart.o
    0x08001e98   0x08001e98   0x00000014   Code   RO         3342    i.WiFi_EN_Off       usart.o
    0x08001eac   0x08001eac   0x00000014   Code   RO         3343    i.WiFi_EN_On        usart.o
    0x08001ec0   0x08001ec0   0x000002ac   Code   RO            5    i.WiFi_Init_And_Send12345  main.o
    0x0800216c   0x0800216c   0x0000002c   Code   RO            6    i.WiFi_SendCmd      main.o
    0x08002198   0x08002198   0x0000002c   Code   RO            7    i.WiFi_WaitFor      main.o
    0x080021c4   0x080021c4   0x00000004   Code   RO         3344    i._sys_exit         usart.o
    0x080021c8   0x080021c8   0x00000044   Code   RO         3282    i.delay_init        delay.o
    0x0800220c   0x0800220c   0x0000004c   Code   RO         3283    i.delay_ms          delay.o
    0x08002258   0x08002258   0x0000004c   Code   RO         3284    i.delay_us          delay.o
    0x080022a4   0x080022a4   0x0000001c   Code   RO         3345    i.fputc             usart.o
    0x080022c0   0x080022c0   0x00000158   Code   RO            8    i.main              main.o
    0x08002418   0x08002418   0x000000a8   Code   RO         3346    i.uart2_init        usart.o
    0x080024c0   0x080024c0   0x000000a0   Code   RO         3347    i.uart_init         usart.o
    0x08002560   0x08002560   0x00000060   Data   RO         3595    .constdata          oled.o
    0x080025c0   0x080025c0   0x00000020   Data   RO         3965    Region$$Table       anon$$obj.o


    Execution Region ER_RW (Exec base: 0x20000000, Load base: 0x080025e0, Size: 0x0000003c, Max: 0xffffffff, ABSOLUTE)

    Exec Addr    Load Addr    Size         Type   Attr      Idx    E Section Name        Object

    0x20000000   0x080025e0   0x00000014   Data   RW          241    .data               system_stm32f10x.o
    0x20000014   0x080025f4   0x00000014   Data   RW         1894    .data               stm32f10x_rcc.o
    0x20000028   0x08002608   0x00000004   Data   RW         3285    .data               delay.o
    0x2000002c   0x0800260c   0x00000008   Data   RW         3349    .data               usart.o
    0x20000034   0x08002614   0x00000008   Data   RW         3544    .data               hcsr04.o


    Execution Region ER_ZI (Exec base: 0x2000003c, Load base: 0x0800261c, Size: 0x0000091c, Max: 0xffffffff, ABSOLUTE)

    Exec Addr    Load Addr    Size         Type   Attr      Idx    E Section Name        Object

    0x2000003c        -       0x000002bc   Zero   RW         3348    .bss                usart.o
    0x200002f8        -       0x00000060   Zero   RW         3841    .bss                c_w.l(libspace.o)
    0x20000358        -       0x00000200   Zero   RW         3276    HEAP                startup_stm32f10x_hd.o
    0x20000558        -       0x00000400   Zero   RW         3275    STACK               startup_stm32f10x_hd.o


==============================================================================

Image component sizes


      Code (inc. data)   RO Data    RW Data    ZI Data      Debug   Object Name

       100         20          0          0          0       1355   buzzer.o
         0          0          0          0          0         32   core_cm3.o
       220         26          0          4          0       1643   delay.o
       466         44          0          0          0       4622   dht11.o
       478         40          0          8          0       3619   hcsr04.o
       144         12          0          0          0        986   key.o
       160         22          0          0          0       3069   led.o
       224         12          0          0          0       1661   light.o
      1354        530          0          0          0     255903   main.o
       152         12          0          0          0     217286   misc.o
      1604        122         96          0          0      10890   oled.o
        64         26        304          0       1536        784   startup_stm32f10x_hd.o
       486         24          0          0          0       8118   stm32f10x_adc.o
       200         18          0          0          0       1940   stm32f10x_exti.o
       512         10          0          0          0       4816   stm32f10x_gpio.o
        26          0          0          0          0       3538   stm32f10x_it.o
       332         44          0         20          0       5286   stm32f10x_rcc.o
       198         42          0          0          0       2603   stm32f10x_tim.o
       442          6          0          0          0       5829   stm32f10x_usart.o
       328         28          0         20          0       1985   system_stm32f10x.o
       782         82          0          8        700       8127   usart.o

    ----------------------------------------------------------------------
      8296       1120        432         60       2236     544092   Object Totals
         0          0         32          0          0          0   (incl. Generated)
        24          0          0          0          0          0   (incl. Padding)

    ----------------------------------------------------------------------

      Code (inc. data)   RO Data    RW Data    ZI Data      Debug   Library Member Name

         8          0          0          0          0         68   __main.o
       104          0          0          0          0         84   __printf.o
         0          0          0          0          0          0   __rtentry.o
        12          0          0          0          0          0   __rtentry2.o
         6          0          0          0          0          0   __rtentry4.o
        52          8          0          0          0          0   __scatter.o
        26          0          0          0          0          0   __scatter_copy.o
        28          0          0          0          0          0   __scatter_zi.o
        44          0          0          0          0        108   _printf_char.o
        48          6          0          0          0         96   _printf_char_common.o
        36          4          0          0          0         80   _printf_char_file.o
         6          0          0          0          0          0   _printf_d.o
       120         16          0          0          0         92   _printf_dec.o
       178          0          0          0          0         88   _printf_intcommon.o
         0          0          0          0          0          0   _printf_percent.o
         4          0          0          0          0          0   _printf_percent_end.o
         6          0          0          0          0          0   _printf_s.o
        82          0          0          0          0         80   _printf_str.o
        18          0          0          0          0         80   exit.o
         8          0          0          0          0         68   ferror.o
         6          0          0          0          0        152   heapauxi.o
         2          0          0          0          0          0   libinit.o
         2          0          0          0          0          0   libinit2.o
         2          0          0          0          0          0   libshutdown.o
         2          0          0          0          0          0   libshutdown2.o
         8          4          0          0         96         68   libspace.o
        24          4          0          0          0         84   noretval__2printf.o
         2          0          0          0          0          0   rtexit.o
        10          0          0          0          0          0   rtexit2.o
        36          0          0          0          0         80   strstr.o
        74          0          0          0          0         80   sys_stackheap_outer.o
         2          0          0          0          0         68   use_no_semi.o
         2          0          0          0          0         68   use_no_semi_2.o

    ----------------------------------------------------------------------
       968         42          0          0         96       1444   Library Totals
        10          0          0          0          0          0   (incl. Padding)

    ----------------------------------------------------------------------

      Code (inc. data)   RO Data    RW Data    ZI Data      Debug   Library Name

       958         42          0          0         96       1444   c_w.l

    ----------------------------------------------------------------------
       968         42          0          0         96       1444   Library Totals

    ----------------------------------------------------------------------

==============================================================================


      Code (inc. data)   RO Data    RW Data    ZI Data      Debug   

      9264       1162        432         60       2332     538876   Grand Totals
      9264       1162        432         60       2332     538876   ELF Image Totals
      9264       1162        432         60          0          0   ROM Totals

==============================================================================

    Total RO  Size (Code + RO Data)                 9696 (   9.47kB)
    Total RW  Size (RW Data + ZI Data)              2392 (   2.34kB)
    Total ROM Size (Code + RO Data + RW Data)       9756 (   9.53kB)

==============================================================================

