<html>
<body>
<pre>
<h1>µVision Build Log</h1>
<h2>Tool Versions:</h2>
IDE-Version: ¦ÌVision V5.32.0.0
Copyright (C) 2020 ARM Ltd and ARM Germany GmbH. All rights reserved.
License Information: Bohao Jin, Southwest University, LIC=----
 
Tool Versions:
Toolchain:       MDK-Lite  Version: 5.32.0.0
Toolchain Path:  C:\Keil_v5\ARM\ARMCC\Bin
C Compiler:      Armcc.exe V5.06 update 7 (build 960)
Assembler:       Armasm.exe V5.06 update 7 (build 960)
Linker/Locator:  ArmLink.exe V5.06 update 7 (build 960)
Library Manager: ArmAr.exe V5.06 update 7 (build 960)
Hex Converter:   FromElf.exe V5.06 update 7 (build 960)
CPU DLL:         SARMCM3.DLL V5.32.0.0
Dialog DLL:      DCM.DLL V1.17.3.0
Target DLL:      CMSIS_AGDI.dll V1.32.12.0
Dialog DLL:      TCM.DLL V1.46.0.0
 
<h2>Project:</h2>
D:\PersonalData\Study\TrainingCode\STM32\USER\STM32.uvprojx
Project File Date:  04/13/2026

<h2>Output:</h2>
*** Using Compiler 'V5.06 update 7 (build 960)', folder: 'C:\Keil_v5\ARM\ARMCC\Bin'
Rebuild target 'Target 1'
compiling stm32f10x_it.c...
compiling misc.c...
compiling stm32f10x_bkp.c...
compiling system_stm32f10x.c...
compiling stm32f10x_adc.c...
compiling main.c...
..\HARDWARE\LED\led.h(24): warning:  #1-D: last line of file ends without a newline
  #endif
..\HARDWARE\KEY\key.h(17): warning:  #1-D: last line of file ends without a newline
  #endif
..\HARDWARE\BUZZER\buzzer.h(13): warning:  #1-D: last line of file ends without a newline
  #endif
..\HARDWARE\HCSR04\hcsr04.h(12): warning:  #1-D: last line of file ends without a newline
  #endif
..\HARDWARE\OLED\oled.h(10): warning:  #1-D: last line of file ends without a newline
  #endif
main.c(139): warning:  #1-D: last line of file ends without a newline
  }
main.c: 6 warnings, 0 errors
compiling stm32f10x_dbgmcu.c...
compiling stm32f10x_fsmc.c...
compiling stm32f10x_crc.c...
compiling stm32f10x_exti.c...
compiling stm32f10x_cec.c...
compiling stm32f10x_dac.c...
compiling stm32f10x_dma.c...
compiling stm32f10x_can.c...
compiling stm32f10x_flash.c...
compiling stm32f10x_i2c.c...
compiling stm32f10x_rcc.c...
compiling stm32f10x_iwdg.c...
compiling stm32f10x_gpio.c...
compiling stm32f10x_rtc.c...
compiling stm32f10x_pwr.c...
compiling stm32f10x_sdio.c...
compiling stm32f10x_spi.c...
compiling stm32f10x_tim.c...
compiling stm32f10x_usart.c...
compiling stm32f10x_wwdg.c...
compiling core_cm3.c...
assembling startup_stm32f10x_hd.s...
compiling delay.c...
compiling buzzer.c...
..\HARDWARE\BUZZER\buzzer.h(13): warning:  #1-D: last line of file ends without a newline
  #endif
..\HARDWARE\BUZZER\buzzer.c(32): warning:  #1-D: last line of file ends without a newline
  }
..\HARDWARE\BUZZER\buzzer.c: 2 warnings, 0 errors
compiling hcsr04.c...
..\HARDWARE\HCSR04\hcsr04.h(12): warning:  #1-D: last line of file ends without a newline
  #endif
..\HARDWARE\HCSR04\hcsr04.c(155): warning:  #1-D: last line of file ends without a newline
  }
..\HARDWARE\HCSR04\hcsr04.c: 2 warnings, 0 errors
compiling led.c...
..\HARDWARE\LED\led.h(24): warning:  #1-D: last line of file ends without a newline
  #endif
..\HARDWARE\LED\led.c(68): warning:  #1-D: last line of file ends without a newline
  }
..\HARDWARE\LED\led.c: 2 warnings, 0 errors
compiling oled.c...
..\HARDWARE\OLED\oled.h(10): warning:  #1-D: last line of file ends without a newline
  #endif
..\HARDWARE\OLED\oled.c(279): warning:  #1-D: last line of file ends without a newline
  }
..\HARDWARE\OLED\oled.c: 2 warnings, 0 errors
compiling key.c...
..\HARDWARE\KEY\key.h(17): warning:  #1-D: last line of file ends without a newline
  #endif
..\HARDWARE\KEY\key.c(40): warning:  #1-D: last line of file ends without a newline
  }
..\HARDWARE\KEY\key.c: 2 warnings, 0 errors
compiling usart.c...
compiling sys.c...
linking...
Program Size: Code=4758 RO-data=426 RW-data=40 ZI-data=1832  
".\Objects\STM32.axf" - 0 Error(s), 16 Warning(s).

<h2>Software Packages used:</h2>

Package Vendor: Keil
                http://www.keil.com/pack/Keil.STM32F1xx_DFP.2.2.0.pack
                Keil.STM32F1xx_DFP.2.2.0
                STMicroelectronics STM32F1 Series Device Support, Drivers and Examples

<h2>Collection of Component include folders:</h2>
  C:\Users\JBB\AppData\Local\Arm\Packs\Keil\STM32F1xx_DFP\2.2.0\Device\Include

<h2>Collection of Component Files used:</h2>
Build Time Elapsed:  00:00:05
</pre>
</body>
</html>
